Component: ARM Compiler 5.06 update 7 (build 960) Tool: armlink [4d3601]

==============================================================================

Section Cross References

    startup_stm32f401xe.o(STACK) refers (Special) to heapauxi.o(.text) for __use_two_region_memory
    startup_stm32f401xe.o(HEAP) refers (Special) to heapauxi.o(.text) for __use_two_region_memory
    startup_stm32f401xe.o(RESET) refers (Special) to heapauxi.o(.text) for __use_two_region_memory
    startup_stm32f401xe.o(RESET) refers to startup_stm32f401xe.o(STACK) for __initial_sp
    startup_stm32f401xe.o(RESET) refers to startup_stm32f401xe.o(.text) for Reset_Handler
    startup_stm32f401xe.o(RESET) refers to stm32f4xx_it.o(i.NMI_Handler) for NMI_Handler
    startup_stm32f401xe.o(RESET) refers to stm32f4xx_it.o(i.HardFault_Handler) for HardFault_Handler
    startup_stm32f401xe.o(RESET) refers to stm32f4xx_it.o(i.MemManage_Handler) for MemManage_Handler
    startup_stm32f401xe.o(RESET) refers to stm32f4xx_it.o(i.BusFault_Handler) for BusFault_Handler
    startup_stm32f401xe.o(RESET) refers to stm32f4xx_it.o(i.UsageFault_Handler) for UsageFault_Handler
    startup_stm32f401xe.o(RESET) refers to stm32f4xx_it.o(i.SVC_Handler) for SVC_Handler
    startup_stm32f401xe.o(RESET) refers to stm32f4xx_it.o(i.DebugMon_Handler) for DebugMon_Handler
    startup_stm32f401xe.o(RESET) refers to stm32f4xx_it.o(i.PendSV_Handler) for PendSV_Handler
    startup_stm32f401xe.o(RESET) refers to stm32f4xx_it.o(i.SysTick_Handler) for SysTick_Handler
    startup_stm32f401xe.o(RESET) refers to stm32f4xx_it.o(i.I2C1_EV_IRQHandler) for I2C1_EV_IRQHandler
    startup_stm32f401xe.o(RESET) refers to stm32f4xx_it.o(i.I2C1_ER_IRQHandler) for I2C1_ER_IRQHandler
    startup_stm32f401xe.o(RESET) refers to stm32f4xx_it.o(i.I2C2_EV_IRQHandler) for I2C2_EV_IRQHandler
    startup_stm32f401xe.o(RESET) refers to stm32f4xx_it.o(i.I2C2_ER_IRQHandler) for I2C2_ER_IRQHandler
    startup_stm32f401xe.o(RESET) refers to stm32f4xx_it.o(i.USART1_IRQHandler) for USART1_IRQHandler
    startup_stm32f401xe.o(.text) refers (Special) to heapauxi.o(.text) for __use_two_region_memory
    startup_stm32f401xe.o(.text) refers to system_stm32f4xx.o(i.SystemInit) for SystemInit
    startup_stm32f401xe.o(.text) refers to __main.o(!!!main) for __main
    startup_stm32f401xe.o(.text) refers to startup_stm32f401xe.o(HEAP) for Heap_Mem
    startup_stm32f401xe.o(.text) refers to startup_stm32f401xe.o(STACK) for Stack_Mem
    oled_i2c.o(i.OLED_Area_Refresh) refers to oled_i2c.o(i.OLED_SetVerticalPos) for OLED_SetVerticalPos
    oled_i2c.o(i.OLED_Area_Refresh) refers to oled_i2c.o(i.OLED_Write_Byte) for OLED_Write_Byte
    oled_i2c.o(i.OLED_Area_Refresh) refers to rt_memclr.o(.text) for __aeabi_memclr
    oled_i2c.o(i.OLED_Area_Refresh) refers to oled_i2c.o(.bss) for .bss
    oled_i2c.o(i.OLED_BOOL_DrawBMP) refers to oled_i2c.o(i.OLED_BOOL_DrawColumn) for OLED_BOOL_DrawColumn
    oled_i2c.o(i.OLED_BOOL_DrawChar) refers to oled_i2c.o(i.OLED_BOOL_DrawBMP) for OLED_BOOL_DrawBMP
    oled_i2c.o(i.OLED_BOOL_DrawChar) refers to font_ascii.o(.constdata) for ASCII
    oled_i2c.o(i.OLED_BOOL_DrawColumn) refers to oled_i2c.o(i.getInt8Data) for getInt8Data
    oled_i2c.o(i.OLED_BOOL_DrawColumn) refers to oled_i2c.o(.bss) for .bss
    oled_i2c.o(i.OLED_BOOL_DrawStr) refers to oled_i2c.o(i.OLED_BOOL_DrawChar) for OLED_BOOL_DrawChar
    oled_i2c.o(i.OLED_DrawBMP) refers to oled_i2c.o(i.OLED_BOOL_DrawBMP) for OLED_BOOL_DrawBMP
    oled_i2c.o(i.OLED_DrawChar) refers to oled_i2c.o(i.OLED_BOOL_DrawBMP) for OLED_BOOL_DrawBMP
    oled_i2c.o(i.OLED_DrawChar) refers to font_ascii.o(.constdata) for ASCII
    oled_i2c.o(i.OLED_DrawColumn) refers to oled_i2c.o(i.OLED_BOOL_DrawColumn) for OLED_BOOL_DrawColumn
    oled_i2c.o(i.OLED_DrawStr) refers to oled_i2c.o(i.OLED_BOOL_DrawStr) for OLED_BOOL_DrawStr
    oled_i2c.o(i.OLED_Fill) refers to oled_i2c.o(i.OLED_SetPos) for OLED_SetPos
    oled_i2c.o(i.OLED_Fill) refers to oled_i2c.o(i.OLED_Write_Byte) for OLED_Write_Byte
    oled_i2c.o(i.OLED_Fill) refers to aeabi_memset.o(.text) for __aeabi_memset
    oled_i2c.o(i.OLED_Fill) refers to rt_memclr_w.o(.text) for __aeabi_memclr4
    oled_i2c.o(i.OLED_Fill) refers to oled_i2c.o(.bss) for .bss
    oled_i2c.o(i.OLED_Init) refers to rt_memcpy_w.o(.text) for __aeabi_memcpy4
    oled_i2c.o(i.OLED_Init) refers to oled_i2c.o(i.OLED_Write_Byte) for OLED_Write_Byte
    oled_i2c.o(i.OLED_Init) refers to oled_i2c.o(i.OLED_Fill) for OLED_Fill
    oled_i2c.o(i.OLED_Init) refers to oled_i2c.o(.bss) for .bss
    oled_i2c.o(i.OLED_Refresh) refers to oled_i2c.o(i.OLED_Area_Refresh) for OLED_Area_Refresh
    oled_i2c.o(i.OLED_Refresh) refers to oled_i2c.o(.bss) for .bss
    oled_i2c.o(i.OLED_SetPos) refers to oled_i2c.o(i.OLED_SetVerticalPos) for OLED_SetVerticalPos
    oled_i2c.o(i.OLED_SetVerticalPos) refers to oled_i2c.o(i.OLED_Write_Byte) for OLED_Write_Byte
[...]
    Removing stm32f4xx_hal_uart.o(i.HAL_MultiProcessor_ExitMuteMode), (60 bytes).
    Removing stm32f4xx_hal_uart.o(i.HAL_UARTEx_ReceiveToIdle), (254 bytes).
    Removing stm32f4xx_hal_uart.o(i.HAL_UARTEx_ReceiveToIdle_DMA), (86 bytes).
    Removing stm32f4xx_hal_uart.o(i.HAL_UARTEx_ReceiveToIdle_IT), (86 bytes).
    Removing stm32f4xx_hal_uart.o(i.HAL_UART_Abort), (210 bytes).
    Removing stm32f4xx_hal_uart.o(i.HAL_UART_AbortCpltCallback), (2 bytes).
    Removing stm32f4xx_hal_uart.o(i.HAL_UART_AbortReceive), (148 bytes).
    Removing stm32f4xx_hal_uart.o(i.HAL_UART_AbortReceiveCpltCallback), (2 bytes).
    Removing stm32f4xx_hal_uart.o(i.HAL_UART_AbortReceive_IT), (152 bytes).
    Removing stm32f4xx_hal_uart.o(i.HAL_UART_AbortTransmit), (98 bytes).
    Removing stm32f4xx_hal_uart.o(i.HAL_UART_AbortTransmitCpltCallback), (2 bytes).
    Removing stm32f4xx_hal_uart.o(i.HAL_UART_AbortTransmit_IT), (104 bytes).
    Removing stm32f4xx_hal_uart.o(i.HAL_UART_Abort_IT), (244 bytes).
    Removing stm32f4xx_hal_uart.o(i.HAL_UART_DMAPause), (146 bytes).
    Removing stm32f4xx_hal_uart.o(i.HAL_UART_DMAResume), (136 bytes).
    Removing stm32f4xx_hal_uart.o(i.HAL_UART_DMAStop), (112 bytes).
    Removing stm32f4xx_hal_uart.o(i.HAL_UART_DeInit), (52 bytes).
    Removing stm32f4xx_hal_uart.o(i.HAL_UART_GetError), (4 bytes).
    Removing stm32f4xx_hal_uart.o(i.HAL_UART_GetState), (10 bytes).
    Removing stm32f4xx_hal_uart.o(i.HAL_UART_Init), (98 bytes).
    Removing stm32f4xx_hal_uart.o(i.HAL_UART_MspDeInit), (2 bytes).
    Removing stm32f4xx_hal_uart.o(i.HAL_UART_MspInit), (2 bytes).
    Removing stm32f4xx_hal_uart.o(i.HAL_UART_Receive), (192 bytes).
    Removing stm32f4xx_hal_uart.o(i.HAL_UART_Receive_DMA), (42 bytes).
    Removing stm32f4xx_hal_uart.o(i.HAL_UART_Receive_IT), (42 bytes).
    Removing stm32f4xx_hal_uart.o(i.HAL_UART_RxHalfCpltCallback), (2 bytes).
    Removing stm32f4xx_hal_uart.o(i.HAL_UART_Transmit_DMA), (140 bytes).
    Removing stm32f4xx_hal_uart.o(i.HAL_UART_Transmit_IT), (62 bytes).
    Removing stm32f4xx_hal_uart.o(i.HAL_UART_TxHalfCpltCallback), (2 bytes).
    Removing stm32f4xx_hal_uart.o(i.UART_DMAError), (74 bytes).
    Removing stm32f4xx_hal_uart.o(i.UART_DMAReceiveCplt), (130 bytes).
    Removing stm32f4xx_hal_uart.o(i.UART_DMARxAbortCallback), (44 bytes).
    Removing stm32f4xx_hal_uart.o(i.UART_DMARxHalfCplt), (26 bytes).
    Removing stm32f4xx_hal_uart.o(i.UART_DMARxOnlyAbortCallback), (22 bytes).
    Removing stm32f4xx_hal_uart.o(i.UART_DMATransmitCplt), (66 bytes).
    Removing stm32f4xx_hal_uart.o(i.UART_DMATxAbortCallback), (44 bytes).
    Removing stm32f4xx_hal_uart.o(i.UART_DMATxHalfCplt), (10 bytes).
    Removing stm32f4xx_hal_uart.o(i.UART_DMATxOnlyAbortCallback), (20 bytes).
    Removing stm32f4xx_hal_uart.o(i.UART_EndTxTransfer), (28 bytes).
    Removing stm32f4xx_hal_uart.o(i.UART_Start_Receive_DMA), (144 bytes).
    Removing stm32f4xx_hal_uart.o(i.UART_Start_Receive_IT), (54 bytes).
    Removing system_stm32f4xx.o(.rev16_text), (4 bytes).
    Removing system_stm32f4xx.o(.revsh_text), (4 bytes).
    Removing system_stm32f4xx.o(.rrx_text), (6 bytes).
    Removing system_stm32f4xx.o(i.SystemCoreClockUpdate), (124 bytes).

323 unused section(s) (total 23444 bytes) removed from the image.

==============================================================================

Image Symbol Table

    Local Symbols

    Symbol Name                              Value     Ov Type        Size  Object(Section)

    ../Core/Src/gpio.c                       0x00000000   Number         0  gpio.o ABSOLUTE
    ../Core/Src/i2c.c                        0x00000000   Number         0  i2c.o ABSOLUTE
    ../Core/Src/main.c                       0x00000000   Number         0  main.o ABSOLUTE
    ../Core/Src/stm32f4xx_hal_msp.c          0x00000000   Number         0  stm32f4xx_hal_msp.o ABSOLUTE
    ../Core/Src/stm32f4xx_it.c               0x00000000   Number         0  stm32f4xx_it.o ABSOLUTE
    ../Core/Src/system_stm32f4xx.c           0x00000000   Number         0  system_stm32f4xx.o ABSOLUTE
    ../Core/Src/usart.c                      0x00000000   Number         0  usart.o ABSOLUTE
    ../Drivers/STM32F4xx_HAL_Driver/Src/stm32f4xx_hal.c 0x00000000   Number         0  stm32f4xx_hal.o ABSOLUTE
    ../Drivers/STM32F4xx_HAL_Driver/Src/stm32f4xx_hal_cortex.c 0x00000000   Number         0  stm32f4xx_hal_cortex.o ABSOLUTE
    ../Drivers/STM32F4xx_HAL_Driver/Src/stm32f4xx_hal_dma.c 0x00000000   Number         0  stm32f4xx_hal_dma.o ABSOLUTE
    ../Drivers/STM32F4xx_HAL_Driver/Src/stm32f4xx_hal_dma_ex.c 0x00000000   Number         0  stm32f4xx_hal_dma_ex.o ABSOLUTE
    ../Drivers/STM32F4xx_HAL_Driver/Src/stm32f4xx_hal_exti.c 0x00000000   Number         0  stm32f4xx_hal_exti.o ABSOLUTE
    ../Drivers/STM32F4xx_HAL_Driver/Src/stm32f4xx_hal_flash.c 0x00000000   Number         0  stm32f4xx_hal_flash.o ABSOLUTE
    ../Drivers/STM32F4xx_HAL_Driver/Src/stm32f4xx_hal_flash_ex.c 0x00000000   Number         0  stm32f4xx_hal_flash_ex.o ABSOLUTE
    ../Drivers/STM32F4xx_HAL_Driver/Src/stm32f4xx_hal_flash_ramfunc.c 0x00000000   Number         0  stm32f4xx_hal_flash_ramfunc.o ABSOLUTE
    ../Drivers/STM32F4xx_HAL_Driver/Src/stm32f4xx_hal_gpio.c 0x00000000   Number         0  stm32f4xx_hal_gpio.o ABSOLUTE
    ../Drivers/STM32F4xx_HAL_Driver/Src/stm32f4xx_hal_i2c.c 0x00000000   Number         0  stm32f4xx_hal_i2c.o ABSOLUTE
    ../Drivers/STM32F4xx_HAL_Driver/Src/stm32f4xx_hal_i2c_ex.c 0x00000000   Number         0  stm32f4xx_hal_i2c_ex.o ABSOLUTE
    ../Drivers/STM32F4xx_HAL_Driver/Src/stm32f4xx_hal_pwr.c 0x00000000   Number         0  stm32f4xx_hal_pwr.o ABSOLUTE
    ../Drivers/STM32F4xx_HAL_Driver/Src/stm32f4xx_hal_pwr_ex.c 0x00000000   Number         0  stm32f4xx_hal_pwr_ex.o ABSOLUTE
    ../Drivers/STM32F4xx_HAL_Driver/Src/stm32f4xx_hal_rcc.c 0x00000000   Number         0  stm32f4xx_hal_rcc.o ABSOLUTE
    ../Drivers/STM32F4xx_HAL_Driver/Src/stm32f4xx_hal_rcc_ex.c 0x00000000   Number         0  stm32f4xx_hal_rcc_ex.o ABSOLUTE
    ../Drivers/STM32F4xx_HAL_Driver/Src/stm32f4xx_hal_tim.c 0x00000000   Number         0  stm32f4xx_hal_tim.o ABSOLUTE
    ../Drivers/STM32F4xx_HAL_Driver/Src/stm32f4xx_hal_tim_ex.c 0x00000000   Number         0  stm32f4xx_hal_tim_ex.o ABSOLUTE
    ../Drivers/STM32F4xx_HAL_Driver/Src/stm32f4xx_hal_uart.c 0x00000000   Number         0  stm32f4xx_hal_uart.o ABSOLUTE
    ../clib/angel/boardlib.s                 0x00000000   Number         0  boardshut.o ABSOLUTE
    ../clib/angel/boardlib.s                 0x00000000   Number         0  boardinit3.o ABSOLUTE
    ../clib/angel/boardlib.s                 0x00000000   Number         0  boardinit2.o ABSOLUTE
    ../clib/angel/boardlib.s                 0x00000000   Number         0  boardinit1.o ABSOLUTE
    ../clib/angel/handlers.s                 0x00000000   Number         0  __scatter_zi.o ABSOLUTE
    ../clib/angel/handlers.s                 0x00000000   Number         0  __scatter_copy.o ABSOLUTE
    ../clib/angel/kernel.s                   0x00000000   Number         0  __rtentry.o ABSOLUTE
    ../clib/angel/kernel.s                   0x00000000   Number         0  __rtentry4.o ABSOLUTE
    ../clib/angel/kernel.s                   0x00000000   Number         0  rtexit.o ABSOLUTE
    ../clib/angel/kernel.s                   0x00000000   Number         0  __rtentry2.o ABSOLUTE
    ../clib/angel/kernel.s                   0x00000000   Number         0  rtexit2.o ABSOLUTE
    ../clib/angel/rt.s                       0x00000000   Number         0  aeabi_ldiv0.o ABSOLUTE
    ../clib/angel/rt.s                       0x00000000   Number         0  aeabi_ldiv0_sigfpe.o ABSOLUTE
    ../clib/angel/rt.s                       0x00000000   Number         0  rt_raise.o ABSOLUTE
    ../clib/angel/rt.s                       0x00000000   Number         0  rt_div0.o ABSOLUTE
    ../clib/angel/scatter.s                  0x00000000   Number         0  __scatter.o ABSOLUTE
    ../clib/angel/startup.s                  0x00000000   Number         0  __main.o ABSOLUTE
    ../clib/angel/sys.s                      0x00000000   Number         0  use_no_semi.o ABSOLUTE
    ../clib/angel/sys.s                      0x00000000   Number         0  sys_stackheap_outer.o ABSOLUTE
    ../clib/angel/sys.s                      0x00000000   Number         0  indicate_semi.o ABSOLUTE
    ../clib/angel/sys.s                      0x00000000   Number         0  libspace.o ABSOLUTE
    ../clib/angel/sysapp.c                   0x00000000   Number         0  sys_wrch.o ABSOLUTE
    ../clib/angel/sysapp.c                   0x00000000   Number         0  sys_command.o ABSOLUTE
    ../clib/angel/sysapp.c                   0x00000000   Number         0  sys_exit.o ABSOLUTE
    ../clib/armsys.c                         0x00000000   Number         0  argv_veneer.o ABSOLUTE
    ../clib/armsys.c                         0x00000000   Number         0  _get_argv_nomalloc.o ABSOLUTE
    ../clib/armsys.c                         0x00000000   Number         0  no_argv.o ABSOLUTE
    ../clib/armsys.c                         0x00000000   Number         0  argv_veneer.o ABSOLUTE
    ../clib/heapalloc.c                      0x00000000   Number         0  hrguard.o ABSOLUTE
    ../clib/heapaux.c                        0x00000000   Number         0  heapauxi.o ABSOLUTE
    ../clib/libinit.s                        0x00000000   Number         0  libshutdown.o ABSOLUTE
    ../clib/libinit.s                        0x00000000   Number         0  libinit2.o ABSOLUTE
    ../clib/libinit.s                        0x00000000   Number         0  libshutdown2.o ABSOLUTE
    ../clib/libinit.s                        0x00000000   Number         0  libinit.o ABSOLUTE
    ../clib/longlong.s                       0x00000000   Number         0  lludivv7m.o ABSOLUTE
    ../clib/memcpset.s                       0x00000000   Number         0  aeabi_memset.o ABSOLUTE
    ../clib/memcpset.s                       0x00000000   Number         0  rt_memclr.o ABSOLUTE
    ../clib/memcpset.s                       0x00000000   Number         0  rt_memclr_w.o ABSOLUTE
    ../clib/memcpset.s                       0x00000000   Number         0  rt_memcpy_w.o ABSOLUTE
    ../clib/signal.c                         0x00000000   Number         0  defsig_cppl_inner.o ABSOLUTE
    ../clib/signal.c                         0x00000000   Number         0  defsig_fpe_formal.o ABSOLUTE
    ../clib/signal.c                         0x00000000   Number         0  defsig_pvfn_inner.o ABSOLUTE
    ../clib/signal.c                         0x00000000   Number         0  defsig_stak_inner.o ABSOLUTE
    ../clib/signal.c                         0x00000000   Number         0  defsig_rtmem_formal.o ABSOLUTE
    ../clib/signal.c                         0x00000000   Number         0  defsig_rtmem_outer.o ABSOLUTE
    ../clib/signal.c                         0x00000000   Number         0  defsig_fpe_inner.o ABSOLUTE
    ../clib/signal.c                         0x00000000   Number         0  defsig_rtmem_inner.o ABSOLUTE
    ../clib/signal.c                         0x00000000   Number         0  defsig_rtred_inner.o ABSOLUTE
    ../clib/signal.c                         0x00000000   Number         0  defsig_abrt_inner.o ABSOLUTE
    ../clib/signal.c                         0x00000000   Number         0  defsig_fpe_outer.o ABSOLUTE
    ../clib/signal.c                         0x00000000   Number         0  defsig_exit.o ABSOLUTE
    ../clib/signal.c                         0x00000000   Number         0  __raise.o ABSOLUTE
    ../clib/signal.c                         0x00000000   Number         0  defsig_general.o ABSOLUTE
    ../clib/signal.c                         0x00000000   Number         0  defsig_other.o ABSOLUTE
    ../clib/signal.c                         0x00000000   Number         0  defsig_segv_inner.o ABSOLUTE
    ../clib/signal.s                         0x00000000   Number         0  defsig.o ABSOLUTE
    ../clib/stdlib.c                         0x00000000   Number         0  exit.o ABSOLUTE
    ../fplib/d2f.s                           0x00000000   Number         0  d2f.o ABSOLUTE
    ../fplib/daddsub.s                       0x00000000   Number         0  daddsub_clz.o ABSOLUTE
    ../fplib/ddiv.s                          0x00000000   Number         0  ddiv.o ABSOLUTE
    ../fplib/dflt.s                          0x00000000   Number         0  dflt_clz.o ABSOLUTE
    ../fplib/dmul.s                          0x00000000   Number         0  dmul.o ABSOLUTE
    ../fplib/dnaninf.s                       0x00000000   Number         0  dnaninf.o ABSOLUTE
    ../fplib/dretinf.s                       0x00000000   Number         0  dretinf.o ABSOLUTE
    ../fplib/fpinit.s                        0x00000000   Number         0  fpinit.o ABSOLUTE
    ../fplib/fretinf.s                       0x00000000   Number         0  fretinf.o ABSOLUTE
    ../fplib/usenofp.s                       0x00000000   Number         0  usenofp.o ABSOLUTE
    ..\Core\Src\Font_ASCII.c                 0x00000000   Number         0  font_ascii.o ABSOLUTE
    ..\Core\Src\gpio.c                       0x00000000   Number         0  gpio.o ABSOLUTE
    ..\Core\Src\i2c.c                        0x00000000   Number         0  i2c.o ABSOLUTE
    ..\Core\Src\main.c                       0x00000000   Number         0  main.o ABSOLUTE
    ..\Core\Src\mpu6050.c                    0x00000000   Number         0  mpu6050.o ABSOLUTE
    ..\Core\Src\oled_i2c.c                   0x00000000   Number         0  oled_i2c.o ABSOLUTE
    ..\Core\Src\stm32f4xx_hal_msp.c          0x00000000   Number         0  stm32f4xx_hal_msp.o ABSOLUTE
    ..\Core\Src\stm32f4xx_it.c               0x00000000   Number         0  stm32f4xx_it.o ABSOLUTE
    ..\Core\Src\system_stm32f4xx.c           0x00000000   Number         0  system_stm32f4xx.o ABSOLUTE
    ..\Core\Src\usart.c                      0x00000000   Number         0  usart.o ABSOLUTE
    ..\Drivers\STM32F4xx_HAL_Driver\Src\stm32f4xx_hal.c 0x00000000   Number         0  stm32f4xx_hal.o ABSOLUTE
    ..\Drivers\STM32F4xx_HAL_Driver\Src\stm32f4xx_hal_cortex.c 0x00000000   Number         0  stm32f4xx_hal_cortex.o ABSOLUTE
    ..\Drivers\STM32F4xx_HAL_Driver\Src\stm32f4xx_hal_dma.c 0x00000000   Number         0  stm32f4xx_hal_dma.o ABSOLUTE
    ..\Drivers\STM32F4xx_HAL_Driver\Src\stm32f4xx_hal_dma_ex.c 0x00000000   Number         0  stm32f4xx_hal_dma_ex.o ABSOLUTE
    ..\Drivers\STM32F4xx_HAL_Driver\Src\stm32f4xx_hal_exti.c 0x00000000   Number         0  stm32f4xx_hal_exti.o ABSOLUTE
    ..\Drivers\STM32F4xx_HAL_Driver\Src\stm32f4xx_hal_flash.c 0x00000000   Number         0  stm32f4xx_hal_flash.o ABSOLUTE
    ..\Drivers\STM32F4xx_HAL_Driver\Src\stm32f4xx_hal_flash_ex.c 0x00000000   Number         0  stm32f4xx_hal_flash_ex.o ABSOLUTE
    ..\Drivers\STM32F4xx_HAL_Driver\Src\stm32f4xx_hal_flash_ramfunc.c 0x00000000   Number         0  stm32f4xx_hal_flash_ramfunc.o ABSOLUTE
    ..\Drivers\STM32F4xx_HAL_Driver\Src\stm32f4xx_hal_gpio.c 0x00000000   Number         0  stm32f4xx_hal_gpio.o ABSOLUTE
    ..\Drivers\STM32F4xx_HAL_Driver\Src\stm32f4xx_hal_i2c.c 0x00000000   Number         0  stm32f4xx_hal_i2c.o ABSOLUTE
    ..\Drivers\STM32F4xx_HAL_Driver\Src\stm32f4xx_hal_i2c_ex.c 0x00000000   Number         0  stm32f4xx_hal_i2c_ex.o ABSOLUTE
    ..\Drivers\STM32F4xx_HAL_Driver\Src\stm32f4xx_hal_pwr.c 0x00000000   Number         0  stm32f4xx_hal_pwr.o ABSOLUTE
    ..\Drivers\STM32F4xx_HAL_Driver\Src\stm32f4xx_hal_pwr_ex.c 0x00000000   Number         0  stm32f4xx_hal_pwr_ex.o ABSOLUTE
    ..\Drivers\STM32F4xx_HAL_Driver\Src\stm32f4xx_hal_rcc.c 0x00000000   Number         0  stm32f4xx_hal_rcc.o ABSOLUTE
    ..\Drivers\STM32F4xx_HAL_Driver\Src\stm32f4xx_hal_rcc_ex.c 0x00000000   Number         0  stm32f4xx_hal_rcc_ex.o ABSOLUTE
    ..\Drivers\STM32F4xx_HAL_Driver\Src\stm32f4xx_hal_tim.c 0x00000000   Number         0  stm32f4xx_hal_tim.o ABSOLUTE
    ..\Drivers\STM32F4xx_HAL_Driver\Src\stm32f4xx_hal_tim_ex.c 0x00000000   Number         0  stm32f4xx_hal_tim_ex.o ABSOLUTE
    ..\Drivers\STM32F4xx_HAL_Driver\Src\stm32f4xx_hal_uart.c 0x00000000   Number         0  stm32f4xx_hal_uart.o ABSOLUTE
    ..\\Core\\Src\\mpu6050.c                 0x00000000   Number         0  mpu6050.o ABSOLUTE
    ..\\Core\\Src\\oled_i2c.c                0x00000000   Number         0  oled_i2c.o ABSOLUTE
    dc.s                                     0x00000000   Number         0  dc.o ABSOLUTE
    startup_stm32f401xe.s                    0x00000000   Number         0  startup_stm32f401xe.o ABSOLUTE
    RESET                                    0x08000000   Section      404  startup_stm32f401xe.o(RESET)
    !!!main                                  0x08000194   Section        8  __main.o(!!!main)
    !!!scatter                               0x0800019c   Section       52  __scatter.o(!!!scatter)
    !!handler_copy                           0x080001d0   Section       26  __scatter_copy.o(!!handler_copy)
    !!handler_zi                             0x080001ec   Section       28  __scatter_zi.o(!!handler_zi)
    .ARM.Collect$$libinit$$00000000          0x08000208   Section        2  libinit.o(.ARM.Collect$$libinit$$00000000)
    .ARM.Collect$$libinit$$00000001          0x0800020a   Section        4  libinit2.o(.ARM.Collect$$libinit$$00000001)
    .ARM.Collect$$libinit$$00000004          0x0800020e   Section        0  libinit2.o(.ARM.Collect$$libinit$$00000004)
    .ARM.Collect$$libinit$$0000000A          0x0800020e   Section        0  libinit2.o(.ARM.Collect$$libinit$$0000000A)
    .ARM.Collect$$libinit$$0000000C          0x0800020e   Section        0  libinit2.o(.ARM.Collect$$libinit$$0000000C)
    .ARM.Collect$$libinit$$0000000E          0x0800020e   Section        0  libinit2.o(.ARM.Collect$$libinit$$0000000E)
    .ARM.Collect$$libinit$$00000011          0x0800020e   Section        0  libinit2.o(.ARM.Collect$$libinit$$00000011)
    .ARM.Collect$$libinit$$00000013          0x0800020e   Section        0  libinit2.o(.ARM.Collect$$libinit$$00000013)
    .ARM.Collect$$libinit$$00000015          0x0800020e   Section        0  libinit2.o(.ARM.Collect$$libinit$$00000015)
    .ARM.Collect$$libinit$$00000017          0x0800020e   Section        0  libinit2.o(.ARM.Collect$$libinit$$00000017)
    .ARM.Collect$$libinit$$00000019          0x0800020e   Section        0  libinit2.o(.ARM.Collect$$libinit$$00000019)
    .ARM.Collect$$libinit$$0000001B          0x0800020e   Section        0  libinit2.o(.ARM.Collect$$libinit$$0000001B)
    .ARM.Collect$$libinit$$0000001D          0x0800020e   Section        0  libinit2.o(.ARM.Collect$$libinit$$0000001D)
    .ARM.Collect$$libinit$$0000001F          0x0800020e   Section        0  libinit2.o(.ARM.Collect$$libinit$$0000001F)
    .ARM.Collect$$libinit$$00000021          0x0800020e   Section        0  libinit2.o(.ARM.Collect$$libinit$$00000021)
    .ARM.Collect$$libinit$$00000023          0x0800020e   Section        0  libinit2.o(.ARM.Collect$$libinit$$00000023)
    .ARM.Collect$$libinit$$00000025          0x0800020e   Section        0  libinit2.o(.ARM.Collect$$libinit$$00000025)
    .ARM.Collect$$libinit$$0000002C          0x0800020e   Section        0  libinit2.o(.ARM.Collect$$libinit$$0000002C)
    .ARM.Collect$$libinit$$0000002E          0x0800020e   Section        0  libinit2.o(.ARM.Collect$$libinit$$0000002E)
    .ARM.Collect$$libinit$$00000030          0x0800020e   Section        0  libinit2.o(.ARM.Collect$$libinit$$00000030)
    .ARM.Collect$$libinit$$00000032          0x0800020e   Section        0  libinit2.o(.ARM.Collect$$libinit$$00000032)
    .ARM.Collect$$libinit$$00000033          0x0800020e   Section        2  libinit2.o(.ARM.Collect$$libinit$$00000033)
    .ARM.Collect$$libshutdown$$00000000      0x08000210   Section        2  libshutdown.o(.ARM.Collect$$libshutdown$$00000000)
    .ARM.Collect$$libshutdown$$00000002      0x08000212   Section        0  libshutdown2.o(.ARM.Collect$$libshutdown$$00000002)
    .ARM.Collect$$libshutdown$$00000004      0x08000212   Section        0  libshutdown2.o(.ARM.Collect$$libshutdown$$00000004)
    .ARM.Collect$$libshutdown$$00000006      0x08000212   Section        0  libshutdown2.o(.ARM.Collect$$libshutdown$$00000006)
    .ARM.Collect$$libshutdown$$00000009      0x08000212   Section        0  libshutdown2.o(.ARM.Collect$$libshutdown$$00000009)
    .ARM.Collect$$libshutdown$$0000000C      0x08000212   Section        0  libshutdown2.o(.ARM.Collect$$libshutdown$$0000000C)
    .ARM.Collect$$libshutdown$$0000000E      0x08000212   Section        0  libshutdown2.o(.ARM.Collect$$libshutdown$$0000000E)
    .ARM.Collect$$libshutdown$$00000011      0x08000212   Section        0  libshutdown2.o(.ARM.Collect$$libshutdown$$00000011)
    .ARM.Collect$$libshutdown$$00000012      0x08000212   Section        2  libshutdown2.o(.ARM.Collect$$libshutdown$$00000012)
    .ARM.Collect$$rtentry$$00000000          0x08000214   Section        0  __rtentry.o(.ARM.Collect$$rtentry$$00000000)
    .ARM.Collect$$rtentry$$00000002          0x08000214   Section        0  __rtentry2.o(.ARM.Collect$$rtentry$$00000002)
    .ARM.Collect$$rtentry$$00000004          0x08000214   Section        6  __rtentry4.o(.ARM.Collect$$rtentry$$00000004)
    .ARM.Collect$$rtentry$$00000009          0x0800021a   Section        0  __rtentry2.o(.ARM.Collect$$rtentry$$00000009)
    .ARM.Collect$$rtentry$$0000000A          0x0800021a   Section        4  __rtentry2.o(.ARM.Collect$$rtentry$$0000000A)
    .ARM.Collect$$rtentry$$0000000C          0x0800021e   Section        0  __rtentry2.o(.ARM.Collect$$rtentry$$0000000C)
    .ARM.Collect$$rtentry$$0000000D          0x0800021e   Section        8  __rtentry2.o(.ARM.Collect$$rtentry$$0000000D)
    .ARM.Collect$$rtexit$$00000000           0x08000226   Section        2  rtexit.o(.ARM.Collect$$rtexit$$00000000)
    .ARM.Collect$$rtexit$$00000002           0x08000228   Section        0  rtexit2.o(.ARM.Collect$$rtexit$$00000002)
    .ARM.Collect$$rtexit$$00000003           0x08000228   Section        4  rtexit2.o(.ARM.Collect$$rtexit$$00000003)
    .ARM.Collect$$rtexit$$00000004           0x0800022c   Section        6  rtexit2.o(.ARM.Collect$$rtexit$$00000004)
    .text                                    0x08000234   Section       64  startup_stm32f401xe.o(.text)
    $v0                                      0x08000234   Number         0  startup_stm32f401xe.o(.text)
    .text                                    0x08000274   Section      238  lludivv7m.o(.text)
    .text                                    0x08000362   Section      100  rt_memcpy_w.o(.text)
    .text                                    0x080003c6   Section       16  aeabi_memset.o(.text)
    .text                                    0x080003d6   Section       68  rt_memclr.o(.text)
    .text                                    0x0800041a   Section       78  rt_memclr_w.o(.text)
    .text                                    0x08000468   Section        0  heapauxi.o(.text)
    .text                                    0x0800046e   Section       74  sys_stackheap_outer.o(.text)
    .text                                    0x080004b8   Section        0  exit.o(.text)
    .text                                    0x080004cc   Section        8  libspace.o(.text)
    .text                                    0x080004d4   Section        0  sys_exit.o(.text)
    .text                                    0x080004e0   Section        2  use_no_semi.o(.text)
    .text                                    0x080004e2   Section        0  indicate_semi.o(.text)
    i.BusFault_Handler                       0x080004e2   Section        0  stm32f4xx_it.o(i.BusFault_Handler)
    i.DebugMon_Handler                       0x080004e4   Section        0  stm32f4xx_it.o(i.DebugMon_Handler)
    i.Error_Handler                          0x080004e6   Section        0  main.o(i.Error_Handler)
    i.HAL_DMA_Abort                          0x080004ea   Section        0  stm32f4xx_hal_dma.o(i.HAL_DMA_Abort)
    i.HAL_DMA_Abort_IT                       0x0800057c   Section        0  stm32f4xx_hal_dma.o(i.HAL_DMA_Abort_IT)
    i.HAL_DMA_GetState                       0x080005a0   Section        0  stm32f4xx_hal_dma.o(i.HAL_DMA_GetState)
    i.HAL_Delay                              0x080005a8   Section        0  stm32f4xx_hal.o(i.HAL_Delay)
    i.HAL_GPIO_Init                          0x080005cc   Section        0  stm32f4xx_hal_gpio.o(i.HAL_GPIO_Init)
    i.HAL_GetTick                            0x080007ac   Section        0  stm32f4xx_hal.o(i.HAL_GetTick)
    i.HAL_I2C_AbortCpltCallback              0x080007b8   Section        0  stm32f4xx_hal_i2c.o(i.HAL_I2C_AbortCpltCallback)
    i.HAL_I2C_AddrCallback                   0x080007ba   Section        0  stm32f4xx_hal_i2c.o(i.HAL_I2C_AddrCallback)
    i.HAL_I2C_ER_IRQHandler                  0x080007bc   Section        0  stm32f4xx_hal_i2c.o(i.HAL_I2C_ER_IRQHandler)
    i.HAL_I2C_EV_IRQHandler                  0x08000876   Section        0  stm32f4xx_hal_i2c.o(i.HAL_I2C_EV_IRQHandler)
    i.HAL_I2C_ErrorCallback                  0x08000aa6   Section        0  stm32f4xx_hal_i2c.o(i.HAL_I2C_ErrorCallback)
    i.HAL_I2C_Init                           0x08000aa8   Section        0  stm32f4xx_hal_i2c.o(i.HAL_I2C_Init)
    i.HAL_I2C_ListenCpltCallback             0x08000c30   Section        0  stm32f4xx_hal_i2c.o(i.HAL_I2C_ListenCpltCallback)
    i.HAL_I2C_MasterRxCpltCallback           0x08000c32   Section        0  stm32f4xx_hal_i2c.o(i.HAL_I2C_MasterRxCpltCallback)
    i.HAL_I2C_MasterTxCpltCallback           0x08000c34   Section        0  stm32f4xx_hal_i2c.o(i.HAL_I2C_MasterTxCpltCallback)
    i.HAL_I2C_MemRxCpltCallback              0x08000c36   Section        0  stm32f4xx_hal_i2c.o(i.HAL_I2C_MemRxCpltCallback)
    i.HAL_I2C_MemTxCpltCallback              0x08000c38   Section        0  stm32f4xx_hal_i2c.o(i.HAL_I2C_MemTxCpltCallback)
    i.HAL_I2C_Mem_Read                       0x08000c3c   Section        0  stm32f4xx_hal_i2c.o(i.HAL_I2C_Mem_Read)
    i.HAL_I2C_Mem_Write                      0x08000e34   Section        0  stm32f4xx_hal_i2c.o(i.HAL_I2C_Mem_Write)
    i.HAL_I2C_MspInit                        0x08000f64   Section        0  i2c.o(i.HAL_I2C_MspInit)
    i.HAL_I2C_SlaveRxCpltCallback            0x08001068   Section        0  stm32f4xx_hal_i2c.o(i.HAL_I2C_SlaveRxCpltCallback)
    i.HAL_I2C_SlaveTxCpltCallback            0x0800106a   Section        0  stm32f4xx_hal_i2c.o(i.HAL_I2C_SlaveTxCpltCallback)
    i.HAL_IncTick                            0x0800106c   Section        0  stm32f4xx_hal.o(i.HAL_IncTick)
    i.HAL_Init                               0x0800107c   Section        0  stm32f4xx_hal.o(i.HAL_Init)
    i.HAL_InitTick                           0x080010b0   Section        0  stm32f4xx_hal.o(i.HAL_InitTick)
    i.HAL_MspInit                            0x080010f0   Section        0  stm32f4xx_hal_msp.o(i.HAL_MspInit)
    i.HAL_MultiProcessor_Init                0x08001120   Section        0  stm32f4xx_hal_uart.o(i.HAL_MultiProcessor_Init)
    i.HAL_NVIC_EnableIRQ                     0x080011ae   Section        0  stm32f4xx_hal_cortex.o(i.HAL_NVIC_EnableIRQ)
    i.HAL_NVIC_SetPriority                   0x080011c8   Section        0  stm32f4xx_hal_cortex.o(i.HAL_NVIC_SetPriority)
    i.HAL_NVIC_SetPriorityGrouping           0x08001208   Section        0  stm32f4xx_hal_cortex.o(i.HAL_NVIC_SetPriorityGrouping)
    i.HAL_RCC_ClockConfig                    0x0800122c   Section        0  stm32f4xx_hal_rcc.o(i.HAL_RCC_ClockConfig)
    i.HAL_RCC_GetPCLK1Freq                   0x08001360   Section        0  stm32f4xx_hal_rcc.o(i.HAL_RCC_GetPCLK1Freq)
    i.HAL_RCC_GetPCLK2Freq                   0x08001380   Section        0  stm32f4xx_hal_rcc.o(i.HAL_RCC_GetPCLK2Freq)
    i.HAL_RCC_GetSysClockFreq                0x080013a0   Section        0  stm32f4xx_hal_rcc.o(i.HAL_RCC_GetSysClockFreq)
    i.HAL_RCC_OscConfig                      0x08001404   Section        0  stm32f4xx_hal_rcc.o(i.HAL_RCC_OscConfig)
    i.HAL_SYSTICK_Config                     0x08001770   Section        0  stm32f4xx_hal_cortex.o(i.HAL_SYSTICK_Config)
    i.HAL_UARTEx_RxEventCallback             0x08001798   Section        0  stm32f4xx_hal_uart.o(i.HAL_UARTEx_RxEventCallback)
    i.HAL_UART_ErrorCallback                 0x0800179a   Section        0  stm32f4xx_hal_uart.o(i.HAL_UART_ErrorCallback)
    i.HAL_UART_IRQHandler                    0x0800179c   Section        0  stm32f4xx_hal_uart.o(i.HAL_UART_IRQHandler)
    i.HAL_UART_MspInit                       0x08001a04   Section        0  usart.o(i.HAL_UART_MspInit)
    i.HAL_UART_RxCpltCallback                0x08001a80   Section        0  stm32f4xx_hal_uart.o(i.HAL_UART_RxCpltCallback)
    i.HAL_UART_Transmit                      0x08001a84   Section        0  stm32f4xx_hal_uart.o(i.HAL_UART_Transmit)
    i.HAL_UART_TxCpltCallback                0x08001b36   Section        0  stm32f4xx_hal_uart.o(i.HAL_UART_TxCpltCallback)
    i.HardFault_Handler                      0x08001b38   Section        0  stm32f4xx_it.o(i.HardFault_Handler)
    i.I2C1_ER_IRQHandler                     0x08001b3c   Section        0  stm32f4xx_it.o(i.I2C1_ER_IRQHandler)
    i.I2C1_EV_IRQHandler                     0x08001b48   Section        0  stm32f4xx_it.o(i.I2C1_EV_IRQHandler)
    i.I2C2_ER_IRQHandler                     0x08001b54   Section        0  stm32f4xx_it.o(i.I2C2_ER_IRQHandler)
    i.I2C2_EV_IRQHandler                     0x08001b60   Section        0  stm32f4xx_it.o(i.I2C2_EV_IRQHandler)
    i.I2C_DMAAbort                           0x08001b6c   Section        0  stm32f4xx_hal_i2c.o(i.I2C_DMAAbort)
    I2C_DMAAbort                             0x08001b6d   Thumb Code   182  stm32f4xx_hal_i2c.o(i.I2C_DMAAbort)
    i.I2C_ITError                            0x08001c28   Section        0  stm32f4xx_hal_i2c.o(i.I2C_ITError)
    I2C_ITError                              0x08001c29   Thumb Code   336  stm32f4xx_hal_i2c.o(i.I2C_ITError)
    i.I2C_IsAcknowledgeFailed                0x08001d80   Section        0  stm32f4xx_hal_i2c.o(i.I2C_IsAcknowledgeFailed)
    I2C_IsAcknowledgeFailed                  0x08001d81   Thumb Code    46  stm32f4xx_hal_i2c.o(i.I2C_IsAcknowledgeFailed)
    i.I2C_MasterReceive_BTF                  0x08001dae   Section        0  stm32f4xx_hal_i2c.o(i.I2C_MasterReceive_BTF)
    I2C_MasterReceive_BTF                    0x08001daf   Thumb Code   210  stm32f4xx_hal_i2c.o(i.I2C_MasterReceive_BTF)
    i.I2C_MasterReceive_RXNE                 0x08001e80   Section        0  stm32f4xx_hal_i2c.o(i.I2C_MasterReceive_RXNE)
    I2C_MasterReceive_RXNE                   0x08001e81   Thumb Code   228  stm32f4xx_hal_i2c.o(i.I2C_MasterReceive_RXNE)
    i.I2C_MasterTransmit_BTF                 0x08001f68   Section        0  stm32f4xx_hal_i2c.o(i.I2C_MasterTransmit_BTF)
    I2C_MasterTransmit_BTF                   0x08001f69   Thumb Code   130  stm32f4xx_hal_i2c.o(i.I2C_MasterTransmit_BTF)
    i.I2C_MasterTransmit_TXE                 0x08001fec   Section        0  stm32f4xx_hal_i2c.o(i.I2C_MasterTransmit_TXE)
    I2C_MasterTransmit_TXE                   0x08001fed   Thumb Code   182  stm32f4xx_hal_i2c.o(i.I2C_MasterTransmit_TXE)
    i.I2C_Master_ADDR                        0x080020a4   Section        0  stm32f4xx_hal_i2c.o(i.I2C_Master_ADDR)
    I2C_Master_ADDR                          0x080020a5   Thumb Code   276  stm32f4xx_hal_i2c.o(i.I2C_Master_ADDR)
    i.I2C_Master_SB                          0x080021bc   Section        0  stm32f4xx_hal_i2c.o(i.I2C_Master_SB)
    I2C_Master_SB                            0x080021bd   Thumb Code   140  stm32f4xx_hal_i2c.o(i.I2C_Master_SB)
    i.I2C_MemoryTransmit_TXE_BTF             0x08002248   Section        0  stm32f4xx_hal_i2c.o(i.I2C_MemoryTransmit_TXE_BTF)
    I2C_MemoryTransmit_TXE_BTF               0x08002249   Thumb Code   160  stm32f4xx_hal_i2c.o(i.I2C_MemoryTransmit_TXE_BTF)
    i.I2C_RequestMemoryRead                  0x080022e8   Section        0  stm32f4xx_hal_i2c.o(i.I2C_RequestMemoryRead)
    I2C_RequestMemoryRead                    0x080022e9   Thumb Code   246  stm32f4xx_hal_i2c.o(i.I2C_RequestMemoryRead)
    i.I2C_RequestMemoryWrite                 0x080023e4   Section        0  stm32f4xx_hal_i2c.o(i.I2C_RequestMemoryWrite)
    I2C_RequestMemoryWrite                   0x080023e5   Thumb Code   162  stm32f4xx_hal_i2c.o(i.I2C_RequestMemoryWrite)
    i.I2C_Slave_ADDR                         0x0800248c   Section        0  stm32f4xx_hal_i2c.o(i.I2C_Slave_ADDR)
    I2C_Slave_ADDR                           0x0800248d   Thumb Code    70  stm32f4xx_hal_i2c.o(i.I2C_Slave_ADDR)
    i.I2C_Slave_AF                           0x080024d4   Section        0  stm32f4xx_hal_i2c.o(i.I2C_Slave_AF)
    I2C_Slave_AF                             0x080024d5   Thumb Code   126  stm32f4xx_hal_i2c.o(i.I2C_Slave_AF)
    i.I2C_Slave_STOPF                        0x08002558   Section        0  stm32f4xx_hal_i2c.o(i.I2C_Slave_STOPF)
    I2C_Slave_STOPF                          0x08002559   Thumb Code   338  stm32f4xx_hal_i2c.o(i.I2C_Slave_STOPF)
    i.I2C_WaitOnBTFFlagUntilTimeout          0x080026b4   Section        0  stm32f4xx_hal_i2c.o(i.I2C_WaitOnBTFFlagUntilTimeout)
    I2C_WaitOnBTFFlagUntilTimeout            0x080026b5   Thumb Code    76  stm32f4xx_hal_i2c.o(i.I2C_WaitOnBTFFlagUntilTimeout)
    i.I2C_WaitOnFlagUntilTimeout             0x08002700   Section        0  stm32f4xx_hal_i2c.o(i.I2C_WaitOnFlagUntilTimeout)
    I2C_WaitOnFlagUntilTimeout               0x08002701   Thumb Code   104  stm32f4xx_hal_i2c.o(i.I2C_WaitOnFlagUntilTimeout)
    i.I2C_WaitOnMasterAddressFlagUntilTimeout 0x08002768   Section        0  stm32f4xx_hal_i2c.o(i.I2C_WaitOnMasterAddressFlagUntilTimeout)
    I2C_WaitOnMasterAddressFlagUntilTimeout  0x08002769   Thumb Code   150  stm32f4xx_hal_i2c.o(i.I2C_WaitOnMasterAddressFlagUntilTimeout)
    i.I2C_WaitOnRXNEFlagUntilTimeout         0x080027fe   Section        0  stm32f4xx_hal_i2c.o(i.I2C_WaitOnRXNEFlagUntilTimeout)
    I2C_WaitOnRXNEFlagUntilTimeout           0x080027ff   Thumb Code   102  stm32f4xx_hal_i2c.o(i.I2C_WaitOnRXNEFlagUntilTimeout)
    i.I2C_WaitOnTXEFlagUntilTimeout          0x08002864   Section        0  stm32f4xx_hal_i2c.o(i.I2C_WaitOnTXEFlagUntilTimeout)
    I2C_WaitOnTXEFlagUntilTimeout            0x08002865   Thumb Code    76  stm32f4xx_hal_i2c.o(i.I2C_WaitOnTXEFlagUntilTimeout)
    i.MPU6050_init                           0x080028b0   Section        0  mpu6050.o(i.MPU6050_init)
    i.MX_GPIO_Init                           0x0800298c   Section        0  gpio.o(i.MX_GPIO_Init)
    i.MX_I2C1_Init                           0x080029c8   Section        0  i2c.o(i.MX_I2C1_Init)
    i.MX_I2C2_Init                           0x08002a08   Section        0  i2c.o(i.MX_I2C2_Init)
    i.MX_USART1_UART_Init                    0x08002a48   Section        0  usart.o(i.MX_USART1_UART_Init)
    i.MemManage_Handler                      0x08002a84   Section        0  stm32f4xx_it.o(i.MemManage_Handler)
    i.NMI_Handler                            0x08002a86   Section        0  stm32f4xx_it.o(i.NMI_Handler)
    i.OLED_Area_Refresh                      0x08002a88   Section        0  oled_i2c.o(i.OLED_Area_Refresh)
    OLED_Area_Refresh                        0x08002a89   Thumb Code   138  oled_i2c.o(i.OLED_Area_Refresh)
    i.OLED_BOOL_DrawBMP                      0x08002b1c   Section        0  oled_i2c.o(i.OLED_BOOL_DrawBMP)
    i.OLED_BOOL_DrawColumn                   0x08002b60   Section        0  oled_i2c.o(i.OLED_BOOL_DrawColumn)
    i.OLED_DrawChar                          0x08002ca8   Section        0  oled_i2c.o(i.OLED_DrawChar)
    i.OLED_Fill                              0x08002ccc   Section        0  oled_i2c.o(i.OLED_Fill)
    i.OLED_Init                              0x08002d0c   Section        0  oled_i2c.o(i.OLED_Init)
    i.OLED_Refresh                           0x08002e3c   Section        0  oled_i2c.o(i.OLED_Refresh)
    i.OLED_SetPos                            0x08002e80   Section        0  oled_i2c.o(i.OLED_SetPos)
    i.OLED_SetVerticalPos                    0x08002e86   Section        0  oled_i2c.o(i.OLED_SetVerticalPos)
    OLED_SetVerticalPos                      0x08002e87   Thumb Code    60  oled_i2c.o(i.OLED_SetVerticalPos)
    i.OLED_Write_Byte                        0x08002ec4   Section        0  oled_i2c.o(i.OLED_Write_Byte)
    i.PendSV_Handler                         0x08002ee8   Section        0  stm32f4xx_it.o(i.PendSV_Handler)
    i.SVC_Handler                            0x08002eea   Section        0  stm32f4xx_it.o(i.SVC_Handler)
    i.SysTick_Handler                        0x08002eec   Section        0  stm32f4xx_it.o(i.SysTick_Handler)
    i.SystemClock_Config                     0x08002ef0   Section        0  main.o(i.SystemClock_Config)
    i.SystemInit                             0x08002f84   Section        0  system_stm32f4xx.o(i.SystemInit)
    i.UART_DMAAbortOnError                   0x08002f94   Section        0  stm32f4xx_hal_uart.o(i.UART_DMAAbortOnError)
    UART_DMAAbortOnError                     0x08002f95   Thumb Code    16  stm32f4xx_hal_uart.o(i.UART_DMAAbortOnError)
    i.UART_EndRxTransfer                     0x08002fa4   Section        0  stm32f4xx_hal_uart.o(i.UART_EndRxTransfer)
    UART_EndRxTransfer                       0x08002fa5   Thumb Code    78  stm32f4xx_hal_uart.o(i.UART_EndRxTransfer)
    i.UART_Receive_IT                        0x08002ff2   Section        0  stm32f4xx_hal_uart.o(i.UART_Receive_IT)
    UART_Receive_IT                          0x08002ff3   Thumb Code   192  stm32f4xx_hal_uart.o(i.UART_Receive_IT)
    i.UART_SetConfig                         0x080030b4   Section        0  stm32f4xx_hal_uart.o(i.UART_SetConfig)
    UART_SetConfig                           0x080030b5   Thumb Code   258  stm32f4xx_hal_uart.o(i.UART_SetConfig)
    i.UART_WaitOnFlagUntilTimeout            0x080031c0   Section        0  stm32f4xx_hal_uart.o(i.UART_WaitOnFlagUntilTimeout)
    UART_WaitOnFlagUntilTimeout              0x080031c1   Thumb Code   120  stm32f4xx_hal_uart.o(i.UART_WaitOnFlagUntilTimeout)
    i.USART1_IRQHandler                      0x08003238   Section        0  stm32f4xx_it.o(i.USART1_IRQHandler)
    i.UsageFault_Handler                     0x08003244   Section        0  stm32f4xx_it.o(i.UsageFault_Handler)
    i.__NVIC_SetPriority                     0x08003246   Section        0  stm32f4xx_hal_cortex.o(i.__NVIC_SetPriority)
    __NVIC_SetPriority                       0x08003247   Thumb Code    32  stm32f4xx_hal_cortex.o(i.__NVIC_SetPriority)
    i.getInt8Data                            0x08003266   Section        0  oled_i2c.o(i.getInt8Data)
    getInt8Data                              0x08003267   Thumb Code    54  oled_i2c.o(i.getInt8Data)
    i.main                                   0x0800329c   Section        0  main.o(i.main)
    x$fpl$fpinit                             0x080033e4   Section       10  fpinit.o(x$fpl$fpinit)
    $v0                                      0x080033e4   Number         0  fpinit.o(x$fpl$fpinit)
    .constdata                               0x080033ee   Section      552  font_ascii.o(.constdata)
    .constdata                               0x08003616   Section       16  system_stm32f4xx.o(.constdata)
    .constdata                               0x08003626   Section        8  system_stm32f4xx.o(.constdata)
    .data                                    0x20000000   Section       12  stm32f4xx_hal.o(.data)
    .data                                    0x2000000c   Section        4  system_stm32f4xx.o(.data)
    .bss                                     0x20000010   Section     1236  oled_i2c.o(.bss)
    .bss                                     0x200004e4   Section      168  i2c.o(.bss)
    .bss                                     0x2000058c   Section       68  usart.o(.bss)
    .bss                                     0x200005d0   Section      108  mpu6050.o(.bss)
    .bss                                     0x2000063c   Section       96  libspace.o(.bss)
    HEAP                                     0x200006a0   Section      512  startup_stm32f401xe.o(HEAP)
    Heap_Mem                                 0x200006a0   Data         512  startup_stm32f401xe.o(HEAP)
    STACK                                    0x200008a0   Section     1024  startup_stm32f401xe.o(STACK)
    Stack_Mem                                0x200008a0   Data        1024  startup_stm32f401xe.o(STACK)
    __initial_sp                             0x20000ca0   Data           0  startup_stm32f401xe.o(STACK)

    Global Symbols

    Symbol Name                              Value     Ov Type        Size  Object(Section)

    BuildAttributes$$THM_ISAv4$E$P$D$K$B$S$7EM$VFPi3$EXTD16$VFPS$VFMA$PE$A:L22UL41UL21$X:L11$S22US41US21$IEEE1$IW$USESV6$~STKCKD$USESV7$~SHL$OSPACE$ROPI$EBA8$UX$STANDARDLIB$REQ8$PRES8$EABIv2 0x00000000   Number         0  anon$$obj.o ABSOLUTE
    __ARM_use_no_argv                        0x00000000   Number         0  main.o ABSOLUTE
    __ARM_exceptions_init                     - Undefined Weak Reference
    __alloca_initialize                       - Undefined Weak Reference
    __arm_fini_                               - Undefined Weak Reference
    __arm_preinit_                            - Undefined Weak Reference
    __cpp_initialize__aeabi_                  - Undefined Weak Reference
    __cxa_finalize                            - Undefined Weak Reference
    __rt_locale                               - Undefined Weak Reference
    __sigvec_lookup                           - Undefined Weak Reference
    _atexit_init                              - Undefined Weak Reference
    _call_atexit_fns                          - Undefined Weak Reference
    _clock_init                               - Undefined Weak Reference
    _fp_trap_init                             - Undefined Weak Reference
    _fp_trap_shutdown                         - Undefined Weak Reference
    _get_lc_collate                           - Undefined Weak Reference
    _get_lc_ctype                             - Undefined Weak Reference
    _get_lc_monetary                          - Undefined Weak Reference
    _get_lc_numeric                           - Undefined Weak Reference
    _get_lc_time                              - Undefined Weak Reference
    _getenv_init                              - Undefined Weak Reference
    _handle_redirection                       - Undefined Weak Reference
    _init_alloc                               - Undefined Weak Reference
    _init_user_alloc                          - Undefined Weak Reference
    _initio                                   - Undefined Weak Reference
    _rand_init                                - Undefined Weak Reference
    _signal_finish                            - Undefined Weak Reference
    _signal_init                              - Undefined Weak Reference
    _terminate_alloc                          - Undefined Weak Reference
    _terminate_user_alloc                     - Undefined Weak Reference
    _terminateio                              - Undefined Weak Reference
    __Vectors_Size                           0x00000194   Number         0  startup_stm32f401xe.o ABSOLUTE
    __Vectors                                0x08000000   Data           4  startup_stm32f401xe.o(RESET)
    __Vectors_End                            0x08000194   Data           0  startup_stm32f401xe.o(RESET)
    __main                                   0x08000195   Thumb Code     8  __main.o(!!!main)
    __scatterload                            0x0800019d   Thumb Code     0  __scatter.o(!!!scatter)
    __scatterload_rt2                        0x0800019d   Thumb Code    44  __scatter.o(!!!scatter)
    __scatterload_rt2_thumb_only             0x0800019d   Thumb Code     0  __scatter.o(!!!scatter)
    __scatterload_null                       0x080001ab   Thumb Code     0  __scatter.o(!!!scatter)
    __scatterload_copy                       0x080001d1   Thumb Code    26  __scatter_copy.o(!!handler_copy)
    __scatterload_zeroinit                   0x080001ed   Thumb Code    28  __scatter_zi.o(!!handler_zi)
    __rt_lib_init                            0x08000209   Thumb Code     0  libinit.o(.ARM.Collect$$libinit$$00000000)
    __rt_lib_init_fp_1                       0x0800020b   Thumb Code     0  libinit2.o(.ARM.Collect$$libinit$$00000001)
    __rt_lib_init_alloca_1                   0x0800020f   Thumb Code     0  libinit2.o(.ARM.Collect$$libinit$$0000002E)
    __rt_lib_init_argv_1                     0x0800020f   Thumb Code     0  libinit2.o(.ARM.Collect$$libinit$$0000002C)
    __rt_lib_init_atexit_1                   0x0800020f   Thumb Code     0  libinit2.o(.ARM.Collect$$libinit$$0000001B)
    __rt_lib_init_clock_1                    0x0800020f   Thumb Code     0  libinit2.o(.ARM.Collect$$libinit$$00000021)
    __rt_lib_init_cpp_1                      0x0800020f   Thumb Code     0  libinit2.o(.ARM.Collect$$libinit$$00000032)
    __rt_lib_init_exceptions_1               0x0800020f   Thumb Code     0  libinit2.o(.ARM.Collect$$libinit$$00000030)
    __rt_lib_init_fp_trap_1                  0x0800020f   Thumb Code     0  libinit2.o(.ARM.Collect$$libinit$$0000001F)
    __rt_lib_init_getenv_1                   0x0800020f   Thumb Code     0  libinit2.o(.ARM.Collect$$libinit$$00000023)
    __rt_lib_init_heap_1                     0x0800020f   Thumb Code     0  libinit2.o(.ARM.Collect$$libinit$$0000000A)
    __rt_lib_init_lc_collate_1               0x0800020f   Thumb Code     0  libinit2.o(.ARM.Collect$$libinit$$00000011)
    __rt_lib_init_lc_ctype_1                 0x0800020f   Thumb Code     0  libinit2.o(.ARM.Collect$$libinit$$00000013)
    __rt_lib_init_lc_monetary_1              0x0800020f   Thumb Code     0  libinit2.o(.ARM.Collect$$libinit$$00000015)
    __rt_lib_init_lc_numeric_1               0x0800020f   Thumb Code     0  libinit2.o(.ARM.Collect$$libinit$$00000017)
    __rt_lib_init_lc_time_1                  0x0800020f   Thumb Code     0  libinit2.o(.ARM.Collect$$libinit$$00000019)
    __rt_lib_init_preinit_1                  0x0800020f   Thumb Code     0  libinit2.o(.ARM.Collect$$libinit$$00000004)
    __rt_lib_init_rand_1                     0x0800020f   Thumb Code     0  libinit2.o(.ARM.Collect$$libinit$$0000000E)
    __rt_lib_init_return                     0x0800020f   Thumb Code     0  libinit2.o(.ARM.Collect$$libinit$$00000033)
    __rt_lib_init_signal_1                   0x0800020f   Thumb Code     0  libinit2.o(.ARM.Collect$$libinit$$0000001D)
    __rt_lib_init_stdio_1                    0x0800020f   Thumb Code     0  libinit2.o(.ARM.Collect$$libinit$$00000025)
    __rt_lib_init_user_alloc_1               0x0800020f   Thumb Code     0  libinit2.o(.ARM.Collect$$libinit$$0000000C)
    __rt_lib_shutdown                        0x08000211   Thumb Code     0  libshutdown.o(.ARM.Collect$$libshutdown$$00000000)
    __rt_lib_shutdown_cpp_1                  0x08000213   Thumb Code     0  libshutdown2.o(.ARM.Collect$$libshutdown$$00000004)
    __rt_lib_shutdown_fini_1                 0x08000213   Thumb Code     0  libshutdown2.o(.ARM.Collect$$libshutdown$$00000002)
    __rt_lib_shutdown_fp_trap_1              0x08000213   Thumb Code     0  libshutdown2.o(.ARM.Collect$$libshutdown$$00000009)
    __rt_lib_shutdown_heap_1                 0x08000213   Thumb Code     0  libshutdown2.o(.ARM.Collect$$libshutdown$$00000011)
    __rt_lib_shutdown_return                 0x08000213   Thumb Code     0  libshutdown2.o(.ARM.Collect$$libshutdown$$00000012)
    __rt_lib_shutdown_signal_1               0x08000213   Thumb Code     0  libshutdown2.o(.ARM.Collect$$libshutdown$$0000000C)
    __rt_lib_shutdown_stdio_1                0x08000213   Thumb Code     0  libshutdown2.o(.ARM.Collect$$libshutdown$$00000006)
    __rt_lib_shutdown_user_alloc_1           0x08000213   Thumb Code     0  libshutdown2.o(.ARM.Collect$$libshutdown$$0000000E)
    __rt_entry                               0x08000215   Thumb Code     0  __rtentry.o(.ARM.Collect$$rtentry$$00000000)
    __rt_entry_presh_1                       0x08000215   Thumb Code     0  __rtentry2.o(.ARM.Collect$$rtentry$$00000002)
    __rt_entry_sh                            0x08000215   Thumb Code     0  __rtentry4.o(.ARM.Collect$$rtentry$$00000004)
    __rt_entry_li                            0x0800021b   Thumb Code     0  __rtentry2.o(.ARM.Collect$$rtentry$$0000000A)
    __rt_entry_postsh_1                      0x0800021b   Thumb Code     0  __rtentry2.o(.ARM.Collect$$rtentry$$00000009)
    __rt_entry_main                          0x0800021f   Thumb Code     0  __rtentry2.o(.ARM.Collect$$rtentry$$0000000D)
    __rt_entry_postli_1                      0x0800021f   Thumb Code     0  __rtentry2.o(.ARM.Collect$$rtentry$$0000000C)
    __rt_exit                                0x08000227   Thumb Code     0  rtexit.o(.ARM.Collect$$rtexit$$00000000)
    __rt_exit_ls                             0x08000229   Thumb Code     0  rtexit2.o(.ARM.Collect$$rtexit$$00000003)
    __rt_exit_prels_1                        0x08000229   Thumb Code     0  rtexit2.o(.ARM.Collect$$rtexit$$00000002)
    __rt_exit_exit                           0x0800022d   Thumb Code     0  rtexit2.o(.ARM.Collect$$rtexit$$00000004)
    Reset_Handler                            0x08000235   Thumb Code     8  startup_stm32f401xe.o(.text)
    ADC_IRQHandler                           0x0800024f   Thumb Code     0  startup_stm32f401xe.o(.text)
    DMA1_Stream0_IRQHandler                  0x0800024f   Thumb Code     0  startup_stm32f401xe.o(.text)
    DMA1_Stream1_IRQHandler                  0x0800024f   Thumb Code     0  startup_stm32f401xe.o(.text)
    DMA1_Stream2_IRQHandler                  0x0800024f   Thumb Code     0  startup_stm32f401xe.o(.text)
    DMA1_Stream3_IRQHandler                  0x0800024f   Thumb Code     0  startup_stm32f401xe.o(.text)
    DMA1_Stream4_IRQHandler                  0x0800024f   Thumb Code     0  startup_stm32f401xe.o(.text)
    DMA1_Stream5_IRQHandler                  0x0800024f   Thumb Code     0  startup_stm32f401xe.o(.text)
    DMA1_Stream6_IRQHandler                  0x0800024f   Thumb Code     0  startup_stm32f401xe.o(.text)
    DMA1_Stream7_IRQHandler                  0x0800024f   Thumb Code     0  startup_stm32f401xe.o(.text)
    DMA2_Stream0_IRQHandler                  0x0800024f   Thumb Code     0  startup_stm32f401xe.o(.text)
    DMA2_Stream1_IRQHandler                  0x0800024f   Thumb Code     0  startup_stm32f401xe.o(.text)
    DMA2_Stream2_IRQHandler                  0x0800024f   Thumb Code     0  startup_stm32f401xe.o(.text)
    DMA2_Stream3_IRQHandler                  0x0800024f   Thumb Code     0  startup_stm32f401xe.o(.text)
    DMA2_Stream4_IRQHandler                  0x0800024f   Thumb Code     0  startup_stm32f401xe.o(.text)
    DMA2_Stream5_IRQHandler                  0x0800024f   Thumb Code     0  startup_stm32f401xe.o(.text)
    DMA2_Stream6_IRQHandler                  0x0800024f   Thumb Code     0  startup_stm32f401xe.o(.text)
    DMA2_Stream7_IRQHandler                  0x0800024f   Thumb Code     0  startup_stm32f401xe.o(.text)
    EXTI0_IRQHandler                         0x0800024f   Thumb Code     0  startup_stm32f401xe.o(.text)
    EXTI15_10_IRQHandler                     0x0800024f   Thumb Code     0  startup_stm32f401xe.o(.text)
    EXTI1_IRQHandler                         0x0800024f   Thumb Code     0  startup_stm32f401xe.o(.text)
    EXTI2_IRQHandler                         0x0800024f   Thumb Code     0  startup_stm32f401xe.o(.text)
    EXTI3_IRQHandler                         0x0800024f   Thumb Code     0  startup_stm32f401xe.o(.text)
    EXTI4_IRQHandler                         0x0800024f   Thumb Code     0  startup_stm32f401xe.o(.text)
    EXTI9_5_IRQHandler                       0x0800024f   Thumb Code     0  startup_stm32f401xe.o(.text)
    FLASH_IRQHandler                         0x0800024f   Thumb Code     0  startup_stm32f401xe.o(.text)
    FPU_IRQHandler                           0x0800024f   Thumb Code     0  startup_stm32f401xe.o(.text)
    I2C3_ER_IRQHandler                       0x0800024f   Thumb Code     0  startup_stm32f401xe.o(.text)
    I2C3_EV_IRQHandler                       0x0800024f   Thumb Code     0  startup_stm32f401xe.o(.text)
    OTG_FS_IRQHandler                        0x0800024f   Thumb Code     0  startup_stm32f401xe.o(.text)
    OTG_FS_WKUP_IRQHandler                   0x0800024f   Thumb Code     0  startup_stm32f401xe.o(.text)
    PVD_IRQHandler                           0x0800024f   Thumb Code     0  startup_stm32f401xe.o(.text)
    RCC_IRQHandler                           0x0800024f   Thumb Code     0  startup_stm32f401xe.o(.text)
    RTC_Alarm_IRQHandler                     0x0800024f   Thumb Code     0  startup_stm32f401xe.o(.text)
    RTC_WKUP_IRQHandler                      0x0800024f   Thumb Code     0  startup_stm32f401xe.o(.text)
    SDIO_IRQHandler                          0x0800024f   Thumb Code     0  startup_stm32f401xe.o(.text)
    SPI1_IRQHandler                          0x0800024f   Thumb Code     0  startup_stm32f401xe.o(.text)
    SPI2_IRQHandler                          0x0800024f   Thumb Code     0  startup_stm32f401xe.o(.text)
    SPI3_IRQHandler                          0x0800024f   Thumb Code     0  startup_stm32f401xe.o(.text)
    SPI4_IRQHandler                          0x0800024f   Thumb Code     0  startup_stm32f401xe.o(.text)
    TAMP_STAMP_IRQHandler                    0x0800024f   Thumb Code     0  startup_stm32f401xe.o(.text)
    TIM1_BRK_TIM9_IRQHandler                 0x0800024f   Thumb Code     0  startup_stm32f401xe.o(.text)
    TIM1_CC_IRQHandler                       0x0800024f   Thumb Code     0  startup_stm32f401xe.o(.text)
    TIM1_TRG_COM_TIM11_IRQHandler            0x0800024f   Thumb Code     0  startup_stm32f401xe.o(.text)
    TIM1_UP_TIM10_IRQHandler                 0x0800024f   Thumb Code     0  startup_stm32f401xe.o(.text)
    TIM2_IRQHandler                          0x0800024f   Thumb Code     0  startup_stm32f401xe.o(.text)
    TIM3_IRQHandler                          0x0800024f   Thumb Code     0  startup_stm32f401xe.o(.text)
    TIM4_IRQHandler                          0x0800024f   Thumb Code     0  startup_stm32f401xe.o(.text)
    TIM5_IRQHandler                          0x0800024f   Thumb Code     0  startup_stm32f401xe.o(.text)
    USART2_IRQHandler                        0x0800024f   Thumb Code     0  startup_stm32f401xe.o(.text)
    USART6_IRQHandler                        0x0800024f   Thumb Code     0  startup_stm32f401xe.o(.text)
    WWDG_IRQHandler                          0x0800024f   Thumb Code     0  startup_stm32f401xe.o(.text)
    __user_initial_stackheap                 0x08000251   Thumb Code     0  startup_stm32f401xe.o(.text)
    __aeabi_uldivmod                         0x08000275   Thumb Code     0  lludivv7m.o(.text)
    _ll_udiv                                 0x08000275   Thumb Code   238  lludivv7m.o(.text)
    __aeabi_memcpy4                          0x08000363   Thumb Code     0  rt_memcpy_w.o(.text)
    __aeabi_memcpy8                          0x08000363   Thumb Code     0  rt_memcpy_w.o(.text)
    __rt_memcpy_w                            0x08000363   Thumb Code   100  rt_memcpy_w.o(.text)
    _memcpy_lastbytes_aligned                0x080003ab   Thumb Code     0  rt_memcpy_w.o(.text)
    __aeabi_memset                           0x080003c7   Thumb Code    16  aeabi_memset.o(.text)
    __aeabi_memclr                           0x080003d7   Thumb Code     0  rt_memclr.o(.text)
    __rt_memclr                              0x080003d7   Thumb Code    68  rt_memclr.o(.text)
    _memset                                  0x080003db   Thumb Code     0  rt_memclr.o(.text)
    __aeabi_memclr4                          0x0800041b   Thumb Code     0  rt_memclr_w.o(.text)
    __aeabi_memclr8                          0x0800041b   Thumb Code     0  rt_memclr_w.o(.text)
    __rt_memclr_w                            0x0800041b   Thumb Code    78  rt_memclr_w.o(.text)
    _memset_w                                0x0800041f   Thumb Code     0  rt_memclr_w.o(.text)
    __use_two_region_memory                  0x08000469   Thumb Code     2  heapauxi.o(.text)
    __rt_heap_escrow$2region                 0x0800046b   Thumb Code     2  heapauxi.o(.text)
    __rt_heap_expand$2region                 0x0800046d   Thumb Code     2  heapauxi.o(.text)
    __user_setup_stackheap                   0x0800046f   Thumb Code    74  sys_stackheap_outer.o(.text)
    exit                                     0x080004b9   Thumb Code    18  exit.o(.text)
    __user_libspace                          0x080004cd   Thumb Code     8  libspace.o(.text)
    __user_perproc_libspace                  0x080004cd   Thumb Code     0  libspace.o(.text)
    __user_perthread_libspace                0x080004cd   Thumb Code     0  libspace.o(.text)
    _sys_exit                                0x080004d5   Thumb Code     8  sys_exit.o(.text)
    __I$use$semihosting                      0x080004e1   Thumb Code     0  use_no_semi.o(.text)
    __use_no_semihosting_swi                 0x080004e1   Thumb Code     2  use_no_semi.o(.text)
    BusFault_Handler                         0x080004e3   Thumb Code     2  stm32f4xx_it.o(i.BusFault_Handler)
    __semihosting_library_function           0x080004e3   Thumb Code     0  indicate_semi.o(.text)
    DebugMon_Handler                         0x080004e5   Thumb Code     2  stm32f4xx_it.o(i.DebugMon_Handler)
    Error_Handler                            0x080004e7   Thumb Code     4  main.o(i.Error_Handler)
    HAL_DMA_Abort                            0x080004eb   Thumb Code   146  stm32f4xx_hal_dma.o(i.HAL_DMA_Abort)
    HAL_DMA_Abort_IT                         0x0800057d   Thumb Code    36  stm32f4xx_hal_dma.o(i.HAL_DMA_Abort_IT)
    HAL_DMA_GetState                         0x080005a1   Thumb Code     6  stm32f4xx_hal_dma.o(i.HAL_DMA_GetState)
    HAL_Delay                                0x080005a9   Thumb Code    32  stm32f4xx_hal.o(i.HAL_Delay)
    HAL_GPIO_Init                            0x080005cd   Thumb Code   446  stm32f4xx_hal_gpio.o(i.HAL_GPIO_Init)
    HAL_GetTick                              0x080007ad   Thumb Code     6  stm32f4xx_hal.o(i.HAL_GetTick)
    HAL_I2C_AbortCpltCallback                0x080007b9   Thumb Code     2  stm32f4xx_hal_i2c.o(i.HAL_I2C_AbortCpltCallback)
    HAL_I2C_AddrCallback                     0x080007bb   Thumb Code     2  stm32f4xx_hal_i2c.o(i.HAL_I2C_AddrCallback)
    HAL_I2C_ER_IRQHandler                    0x080007bd   Thumb Code   186  stm32f4xx_hal_i2c.o(i.HAL_I2C_ER_IRQHandler)
    HAL_I2C_EV_IRQHandler                    0x08000877   Thumb Code   560  stm32f4xx_hal_i2c.o(i.HAL_I2C_EV_IRQHandler)
    HAL_I2C_ErrorCallback                    0x08000aa7   Thumb Code     2  stm32f4xx_hal_i2c.o(i.HAL_I2C_ErrorCallback)
    HAL_I2C_Init                             0x08000aa9   Thumb Code   376  stm32f4xx_hal_i2c.o(i.HAL_I2C_Init)
    HAL_I2C_ListenCpltCallback               0x08000c31   Thumb Code     2  stm32f4xx_hal_i2c.o(i.HAL_I2C_ListenCpltCallback)
    HAL_I2C_MasterRxCpltCallback             0x08000c33   Thumb Code     2  stm32f4xx_hal_i2c.o(i.HAL_I2C_MasterRxCpltCallback)
    HAL_I2C_MasterTxCpltCallback             0x08000c35   Thumb Code     2  stm32f4xx_hal_i2c.o(i.HAL_I2C_MasterTxCpltCallback)
    HAL_I2C_MemRxCpltCallback                0x08000c37   Thumb Code     2  stm32f4xx_hal_i2c.o(i.HAL_I2C_MemRxCpltCallback)
    HAL_I2C_MemTxCpltCallback                0x08000c39   Thumb Code     2  stm32f4xx_hal_i2c.o(i.HAL_I2C_MemTxCpltCallback)
    HAL_I2C_Mem_Read                         0x08000c3d   Thumb Code   490  stm32f4xx_hal_i2c.o(i.HAL_I2C_Mem_Read)
    HAL_I2C_Mem_Write                        0x08000e35   Thumb Code   294  stm32f4xx_hal_i2c.o(i.HAL_I2C_Mem_Write)
    HAL_I2C_MspInit                          0x08000f65   Thumb Code   244  i2c.o(i.HAL_I2C_MspInit)
    HAL_I2C_SlaveRxCpltCallback              0x08001069   Thumb Code     2  stm32f4xx_hal_i2c.o(i.HAL_I2C_SlaveRxCpltCallback)
    HAL_I2C_SlaveTxCpltCallback              0x0800106b   Thumb Code     2  stm32f4xx_hal_i2c.o(i.HAL_I2C_SlaveTxCpltCallback)
    HAL_IncTick                              0x0800106d   Thumb Code    12  stm32f4xx_hal.o(i.HAL_IncTick)
    HAL_Init                                 0x0800107d   Thumb Code    48  stm32f4xx_hal.o(i.HAL_Init)
    HAL_InitTick                             0x080010b1   Thumb Code    54  stm32f4xx_hal.o(i.HAL_InitTick)
    HAL_MspInit                              0x080010f1   Thumb Code    42  stm32f4xx_hal_msp.o(i.HAL_MspInit)
    HAL_MultiProcessor_Init                  0x08001121   Thumb Code   142  stm32f4xx_hal_uart.o(i.HAL_MultiProcessor_Init)
    HAL_NVIC_EnableIRQ                       0x080011af   Thumb Code    26  stm32f4xx_hal_cortex.o(i.HAL_NVIC_EnableIRQ)
    HAL_NVIC_SetPriority                     0x080011c9   Thumb Code    60  stm32f4xx_hal_cortex.o(i.HAL_NVIC_SetPriority)
    HAL_NVIC_SetPriorityGrouping             0x08001209   Thumb Code    26  stm32f4xx_hal_cortex.o(i.HAL_NVIC_SetPriorityGrouping)
    HAL_RCC_ClockConfig                      0x0800122d   Thumb Code   288  stm32f4xx_hal_rcc.o(i.HAL_RCC_ClockConfig)
    HAL_RCC_GetPCLK1Freq                     0x08001361   Thumb Code    20  stm32f4xx_hal_rcc.o(i.HAL_RCC_GetPCLK1Freq)
    HAL_RCC_GetPCLK2Freq                     0x08001381   Thumb Code    20  stm32f4xx_hal_rcc.o(i.HAL_RCC_GetPCLK2Freq)
    HAL_RCC_GetSysClockFreq                  0x080013a1   Thumb Code    88  stm32f4xx_hal_rcc.o(i.HAL_RCC_GetSysClockFreq)
    HAL_RCC_OscConfig                        0x08001405   Thumb Code   856  stm32f4xx_hal_rcc.o(i.HAL_RCC_OscConfig)
    HAL_SYSTICK_Config                       0x08001771   Thumb Code    40  stm32f4xx_hal_cortex.o(i.HAL_SYSTICK_Config)
    HAL_UARTEx_RxEventCallback               0x08001799   Thumb Code     2  stm32f4xx_hal_uart.o(i.HAL_UARTEx_RxEventCallback)
    HAL_UART_ErrorCallback                   0x0800179b   Thumb Code     2  stm32f4xx_hal_uart.o(i.HAL_UART_ErrorCallback)
    HAL_UART_IRQHandler                      0x0800179d   Thumb Code   610  stm32f4xx_hal_uart.o(i.HAL_UART_IRQHandler)
    HAL_UART_MspInit                         0x08001a05   Thumb Code   110  usart.o(i.HAL_UART_MspInit)
    HAL_UART_RxCpltCallback                  0x08001a81   Thumb Code     2  stm32f4xx_hal_uart.o(i.HAL_UART_RxCpltCallback)
    HAL_UART_Transmit                        0x08001a85   Thumb Code   178  stm32f4xx_hal_uart.o(i.HAL_UART_Transmit)
    HAL_UART_TxCpltCallback                  0x08001b37   Thumb Code     2  stm32f4xx_hal_uart.o(i.HAL_UART_TxCpltCallback)
    HardFault_Handler                        0x08001b39   Thumb Code     2  stm32f4xx_it.o(i.HardFault_Handler)
    I2C1_ER_IRQHandler                       0x08001b3d   Thumb Code     6  stm32f4xx_it.o(i.I2C1_ER_IRQHandler)
    I2C1_EV_IRQHandler                       0x08001b49   Thumb Code     6  stm32f4xx_it.o(i.I2C1_EV_IRQHandler)
    I2C2_ER_IRQHandler                       0x08001b55   Thumb Code     6  stm32f4xx_it.o(i.I2C2_ER_IRQHandler)
    I2C2_EV_IRQHandler                       0x08001b61   Thumb Code     6  stm32f4xx_it.o(i.I2C2_EV_IRQHandler)
    MPU6050_init                             0x080028b1   Thumb Code   216  mpu6050.o(i.MPU6050_init)
    MX_GPIO_Init                             0x0800298d   Thumb Code    54  gpio.o(i.MX_GPIO_Init)
    MX_I2C1_Init                             0x080029c9   Thumb Code    50  i2c.o(i.MX_I2C1_Init)
    MX_I2C2_Init                             0x08002a09   Thumb Code    50  i2c.o(i.MX_I2C2_Init)
    MX_USART1_UART_Init                      0x08002a49   Thumb Code    50  usart.o(i.MX_USART1_UART_Init)
    MemManage_Handler                        0x08002a85   Thumb Code     2  stm32f4xx_it.o(i.MemManage_Handler)
    NMI_Handler                              0x08002a87   Thumb Code     2  stm32f4xx_it.o(i.NMI_Handler)
    OLED_BOOL_DrawBMP                        0x08002b1d   Thumb Code    68  oled_i2c.o(i.OLED_BOOL_DrawBMP)
    OLED_BOOL_DrawColumn                     0x08002b61   Thumb Code   320  oled_i2c.o(i.OLED_BOOL_DrawColumn)
    OLED_DrawChar                            0x08002ca9   Thumb Code    30  oled_i2c.o(i.OLED_DrawChar)
    OLED_Fill                                0x08002ccd   Thumb Code    56  oled_i2c.o(i.OLED_Fill)
    OLED_Init                                0x08002d0d   Thumb Code   298  oled_i2c.o(i.OLED_Init)
    OLED_Refresh                             0x08002e3d   Thumb Code    64  oled_i2c.o(i.OLED_Refresh)
    OLED_SetPos                              0x08002e81   Thumb Code     6  oled_i2c.o(i.OLED_SetPos)
    OLED_Write_Byte                          0x08002ec5   Thumb Code    30  oled_i2c.o(i.OLED_Write_Byte)
    PendSV_Handler                           0x08002ee9   Thumb Code     2  stm32f4xx_it.o(i.PendSV_Handler)
    SVC_Handler                              0x08002eeb   Thumb Code     2  stm32f4xx_it.o(i.SVC_Handler)
    SysTick_Handler                          0x08002eed   Thumb Code     4  stm32f4xx_it.o(i.SysTick_Handler)
    SystemClock_Config                       0x08002ef1   Thumb Code   140  main.o(i.SystemClock_Config)
    SystemInit                               0x08002f85   Thumb Code    12  system_stm32f4xx.o(i.SystemInit)
    USART1_IRQHandler                        0x08003239   Thumb Code     6  stm32f4xx_it.o(i.USART1_IRQHandler)
    UsageFault_Handler                       0x08003245   Thumb Code     2  stm32f4xx_it.o(i.UsageFault_Handler)
    main                                     0x0800329d   Thumb Code   304  main.o(i.main)
    _fp_init                                 0x080033e5   Thumb Code    10  fpinit.o(x$fpl$fpinit)
    __fplib_config_fpu_vfp                   0x080033ed   Thumb Code     0  fpinit.o(x$fpl$fpinit)
    __fplib_config_pureend_doubles           0x080033ed   Thumb Code     0  fpinit.o(x$fpl$fpinit)
    ASCII                                    0x080033ee   Data         552  font_ascii.o(.constdata)
    AHBPrescTable                            0x08003616   Data          16  system_stm32f4xx.o(.constdata)
    APBPrescTable                            0x08003626   Data           8  system_stm32f4xx.o(.constdata)
    Region$$Table$$Base                      0x08003630   Number         0  anon$$obj.o(Region$$Table)
    Region$$Table$$Limit                     0x08003650   Number         0  anon$$obj.o(Region$$Table)
    uwTickFreq                               0x20000000   Data           1  stm32f4xx_hal.o(.data)
    uwTickPrio                               0x20000004   Data           4  stm32f4xx_hal.o(.data)
    uwTick                                   0x20000008   Data           4  stm32f4xx_hal.o(.data)
    SystemCoreClock                          0x2000000c   Data           4  system_stm32f4xx.o(.data)
    OLED_buffer                              0x20000010   Data        1024  oled_i2c.o(.bss)
    OLED_buffer_flag                         0x20000410   Data         128  oled_i2c.o(.bss)
    OLED_hi2c                                0x20000490   Data          84  oled_i2c.o(.bss)
    hi2c1                                    0x200004e4   Data          84  i2c.o(.bss)
    hi2c2                                    0x20000538   Data          84  i2c.o(.bss)
    huart1                                   0x2000058c   Data          68  usart.o(.bss)
    MPU6050_hi2c                             0x200005d0   Data          84  mpu6050.o(.bss)
    A                                        0x20000624   Data          12  mpu6050.o(.bss)
    G                                        0x20000630   Data          12  mpu6050.o(.bss)
    __libspace_start                         0x2000063c   Data          96  libspace.o(.bss)
    __temporary_stack_top$libspace           0x2000069c   Data           0  libspace.o(.bss)



==============================================================================

Memory Map of the image

  Image Entry point : 0x08000195

  Load Region LR_IROM1 (Base: 0x08000000, Size: 0x00003660, Max: 0x00080000, ABSOLUTE)

    Execution Region ER_IROM1 (Exec base: 0x08000000, Load base: 0x08000000, Size: 0x00003650, Max: 0x00080000, ABSOLUTE)

    Exec Addr    Load Addr    Size         Type   Attr      Idx    E Section Name        Object

    0x08000000   0x08000000   0x00000194   Data   RO            3    RESET               startup_stm32f401xe.o
    0x08000194   0x08000194   0x00000008   Code   RO         2683  * !!!main             c_w.l(__main.o)
    0x0800019c   0x0800019c   0x00000034   Code   RO         2879    !!!scatter          c_w.l(__scatter.o)
    0x080001d0   0x080001d0   0x0000001a   Code   RO         2881    !!handler_copy      c_w.l(__scatter_copy.o)
    0x080001ea   0x080001ea   0x00000002   PAD
    0x080001ec   0x080001ec   0x0000001c   Code   RO         2883    !!handler_zi        c_w.l(__scatter_zi.o)
    0x08000208   0x08000208   0x00000002   Code   RO         2747    .ARM.Collect$$libinit$$00000000  c_w.l(libinit.o)
    0x0800020a   0x0800020a   0x00000004   Code   RO         2759    .ARM.Collect$$libinit$$00000001  c_w.l(libinit2.o)
    0x0800020e   0x0800020e   0x00000000   Code   RO         2762    .ARM.Collect$$libinit$$00000004  c_w.l(libinit2.o)
    0x0800020e   0x0800020e   0x00000000   Code   RO         2765    .ARM.Collect$$libinit$$0000000A  c_w.l(libinit2.o)
    0x0800020e   0x0800020e   0x00000000   Code   RO         2767    .ARM.Collect$$libinit$$0000000C  c_w.l(libinit2.o)
    0x0800020e   0x0800020e   0x00000000   Code   RO         2769    .ARM.Collect$$libinit$$0000000E  c_w.l(libinit2.o)
    0x0800020e   0x0800020e   0x00000000   Code   RO         2772    .ARM.Collect$$libinit$$00000011  c_w.l(libinit2.o)
    0x0800020e   0x0800020e   0x00000000   Code   RO         2774    .ARM.Collect$$libinit$$00000013  c_w.l(libinit2.o)
    0x0800020e   0x0800020e   0x00000000   Code   RO         2776    .ARM.Collect$$libinit$$00000015  c_w.l(libinit2.o)
    0x0800020e   0x0800020e   0x00000000   Code   RO         2778    .ARM.Collect$$libinit$$00000017  c_w.l(libinit2.o)
    0x0800020e   0x0800020e   0x00000000   Code   RO         2780    .ARM.Collect$$libinit$$00000019  c_w.l(libinit2.o)
    0x0800020e   0x0800020e   0x00000000   Code   RO         2782    .ARM.Collect$$libinit$$0000001B  c_w.l(libinit2.o)
    0x0800020e   0x0800020e   0x00000000   Code   RO         2784    .ARM.Collect$$libinit$$0000001D  c_w.l(libinit2.o)
    0x0800020e   0x0800020e   0x00000000   Code   RO         2786    .ARM.Collect$$libinit$$0000001F  c_w.l(libinit2.o)
    0x0800020e   0x0800020e   0x00000000   Code   RO         2788    .ARM.Collect$$libinit$$00000021  c_w.l(libinit2.o)
    0x0800020e   0x0800020e   0x00000000   Code   RO         2790    .ARM.Collect$$libinit$$00000023  c_w.l(libinit2.o)
    0x0800020e   0x0800020e   0x00000000   Code   RO         2792    .ARM.Collect$$libinit$$00000025  c_w.l(libinit2.o)
    0x0800020e   0x0800020e   0x00000000   Code   RO         2796    .ARM.Collect$$libinit$$0000002C  c_w.l(libinit2.o)
    0x0800020e   0x0800020e   0x00000000   Code   RO         2798    .ARM.Collect$$libinit$$0000002E  c_w.l(libinit2.o)
    0x0800020e   0x0800020e   0x00000000   Code   RO         2800    .ARM.Collect$$libinit$$00000030  c_w.l(libinit2.o)
    0x0800020e   0x0800020e   0x00000000   Code   RO         2802    .ARM.Collect$$libinit$$00000032  c_w.l(libinit2.o)
    0x0800020e   0x0800020e   0x00000002   Code   RO         2803    .ARM.Collect$$libinit$$00000033  c_w.l(libinit2.o)
    0x08000210   0x08000210   0x00000002   Code   RO         2834    .ARM.Collect$$libshutdown$$00000000  c_w.l(libshutdown.o)
    0x08000212   0x08000212   0x00000000   Code   RO         2860    .ARM.Collect$$libshutdown$$00000002  c_w.l(libshutdown2.o)
    0x08000212   0x08000212   0x00000000   Code   RO         2862    .ARM.Collect$$libshutdown$$00000004  c_w.l(libshutdown2.o)
    0x08000212   0x08000212   0x00000000   Code   RO         2864    .ARM.Collect$$libshutdown$$00000006  c_w.l(libshutdown2.o)
    0x08000212   0x08000212   0x00000000   Code   RO         2867    .ARM.Collect$$libshutdown$$00000009  c_w.l(libshutdown2.o)
    0x08000212   0x08000212   0x00000000   Code   RO         2870    .ARM.Collect$$libshutdown$$0000000C  c_w.l(libshutdown2.o)
    0x08000212   0x08000212   0x00000000   Code   RO         2872    .ARM.Collect$$libshutdown$$0000000E  c_w.l(libshutdown2.o)
    0x08000212   0x08000212   0x00000000   Code   RO         2875    .ARM.Collect$$libshutdown$$00000011  c_w.l(libshutdown2.o)
    0x08000212   0x08000212   0x00000002   Code   RO         2876    .ARM.Collect$$libshutdown$$00000012  c_w.l(libshutdown2.o)
    0x08000214   0x08000214   0x00000000   Code   RO         2705    .ARM.Collect$$rtentry$$00000000  c_w.l(__rtentry.o)
    0x08000214   0x08000214   0x00000000   Code   RO         2718    .ARM.Collect$$rtentry$$00000002  c_w.l(__rtentry2.o)
    0x08000214   0x08000214   0x00000006   Code   RO         2730    .ARM.Collect$$rtentry$$00000004  c_w.l(__rtentry4.o)
    0x0800021a   0x0800021a   0x00000000   Code   RO         2720    .ARM.Collect$$rtentry$$00000009  c_w.l(__rtentry2.o)
    0x0800021a   0x0800021a   0x00000004   Code   RO         2721    .ARM.Collect$$rtentry$$0000000A  c_w.l(__rtentry2.o)
    0x0800021e   0x0800021e   0x00000000   Code   RO         2723    .ARM.Collect$$rtentry$$0000000C  c_w.l(__rtentry2.o)
    0x0800021e   0x0800021e   0x00000008   Code   RO         2724    .ARM.Collect$$rtentry$$0000000D  c_w.l(__rtentry2.o)
    0x08000226   0x08000226   0x00000002   Code   RO         2751    .ARM.Collect$$rtexit$$00000000  c_w.l(rtexit.o)
    0x08000228   0x08000228   0x00000000   Code   RO         2807    .ARM.Collect$$rtexit$$00000002  c_w.l(rtexit2.o)
    0x08000228   0x08000228   0x00000004   Code   RO         2808    .ARM.Collect$$rtexit$$00000003  c_w.l(rtexit2.o)
    0x0800022c   0x0800022c   0x00000006   Code   RO         2809    .ARM.Collect$$rtexit$$00000004  c_w.l(rtexit2.o)
    0x08000232   0x08000232   0x00000002   PAD
    0x08000234   0x08000234   0x00000040   Code   RO            4    .text               startup_stm32f401xe.o
    0x08000274   0x08000274   0x000000ee   Code   RO         2671    .text               c_w.l(lludivv7m.o)
    0x08000362   0x08000362   0x00000064   Code   RO         2673    .text               c_w.l(rt_memcpy_w.o)
    0x080003c6   0x080003c6   0x00000010   Code   RO         2675    .text               c_w.l(aeabi_memset.o)
    0x080003d6   0x080003d6   0x00000044   Code   RO         2677    .text               c_w.l(rt_memclr.o)
    0x0800041a   0x0800041a   0x0000004e   Code   RO         2679    .text               c_w.l(rt_memclr_w.o)
    0x08000468   0x08000468   0x00000006   Code   RO         2681    .text               c_w.l(heapauxi.o)
    0x0800046e   0x0800046e   0x0000004a   Code   RO         2734    .text               c_w.l(sys_stackheap_outer.o)
    0x080004b8   0x080004b8   0x00000012   Code   RO         2736    .text               c_w.l(exit.o)
    0x080004ca   0x080004ca   0x00000002   PAD
    0x080004cc   0x080004cc   0x00000008   Code   RO         2748    .text               c_w.l(libspace.o)
    0x080004d4   0x080004d4   0x0000000c   Code   RO         2804    .text               c_w.l(sys_exit.o)
    0x080004e0   0x080004e0   0x00000002   Code   RO         2823    .text               c_w.l(use_no_semi.o)
    0x080004e2   0x080004e2   0x00000000   Code   RO         2825    .text               c_w.l(indicate_semi.o)
    0x080004e2   0x080004e2   0x00000002   Code   RO          423    i.BusFault_Handler  stm32f4xx_it.o
    0x080004e4   0x080004e4   0x00000002   Code   RO          424    i.DebugMon_Handler  stm32f4xx_it.o
    0x080004e6   0x080004e6   0x00000004   Code   RO          241    i.Error_Handler     main.o
    0x080004ea   0x080004ea   0x00000092   Code   RO         1547    i.HAL_DMA_Abort     stm32f4xx_hal_dma.o
    0x0800057c   0x0800057c   0x00000024   Code   RO         1548    i.HAL_DMA_Abort_IT  stm32f4xx_hal_dma.o
    0x080005a0   0x080005a0   0x00000006   Code   RO         1551    i.HAL_DMA_GetState  stm32f4xx_hal_dma.o
    0x080005a6   0x080005a6   0x00000002   PAD
    0x080005a8   0x080005a8   0x00000024   Code   RO         1990    i.HAL_Delay         stm32f4xx_hal.o
    0x080005cc   0x080005cc   0x000001e0   Code   RO         1440    i.HAL_GPIO_Init     stm32f4xx_hal_gpio.o
    0x080007ac   0x080007ac   0x0000000c   Code   RO         1996    i.HAL_GetTick       stm32f4xx_hal.o
    0x080007b8   0x080007b8   0x00000002   Code   RO          599    i.HAL_I2C_AbortCpltCallback  stm32f4xx_hal_i2c.o
    0x080007ba   0x080007ba   0x00000002   Code   RO          600    i.HAL_I2C_AddrCallback  stm32f4xx_hal_i2c.o
    0x080007bc   0x080007bc   0x000000ba   Code   RO          603    i.HAL_I2C_ER_IRQHandler  stm32f4xx_hal_i2c.o
    0x08000876   0x08000876   0x00000230   Code   RO          604    i.HAL_I2C_EV_IRQHandler  stm32f4xx_hal_i2c.o
    0x08000aa6   0x08000aa6   0x00000002   Code   RO          606    i.HAL_I2C_ErrorCallback  stm32f4xx_hal_i2c.o
    0x08000aa8   0x08000aa8   0x00000188   Code   RO          610    i.HAL_I2C_Init      stm32f4xx_hal_i2c.o
    0x08000c30   0x08000c30   0x00000002   Code   RO          612    i.HAL_I2C_ListenCpltCallback  stm32f4xx_hal_i2c.o
    0x08000c32   0x08000c32   0x00000002   Code   RO          613    i.HAL_I2C_MasterRxCpltCallback  stm32f4xx_hal_i2c.o
    0x08000c34   0x08000c34   0x00000002   Code   RO          614    i.HAL_I2C_MasterTxCpltCallback  stm32f4xx_hal_i2c.o
    0x08000c36   0x08000c36   0x00000002   Code   RO          626    i.HAL_I2C_MemRxCpltCallback  stm32f4xx_hal_i2c.o
    0x08000c38   0x08000c38   0x00000002   Code   RO          627    i.HAL_I2C_MemTxCpltCallback  stm32f4xx_hal_i2c.o
    0x08000c3a   0x08000c3a   0x00000002   PAD
    0x08000c3c   0x08000c3c   0x000001f8   Code   RO          628    i.HAL_I2C_Mem_Read  stm32f4xx_hal_i2c.o
    0x08000e34   0x08000e34   0x00000130   Code   RO          631    i.HAL_I2C_Mem_Write  stm32f4xx_hal_i2c.o
    0x08000f64   0x08000f64   0x00000104   Code   RO          334    i.HAL_I2C_MspInit   i2c.o
    0x08001068   0x08001068   0x00000002   Code   RO          636    i.HAL_I2C_SlaveRxCpltCallback  stm32f4xx_hal_i2c.o
    0x0800106a   0x0800106a   0x00000002   Code   RO          637    i.HAL_I2C_SlaveTxCpltCallback  stm32f4xx_hal_i2c.o
    0x0800106c   0x0800106c   0x00000010   Code   RO         2002    i.HAL_IncTick       stm32f4xx_hal.o
    0x0800107c   0x0800107c   0x00000034   Code   RO         2003    i.HAL_Init          stm32f4xx_hal.o
    0x080010b0   0x080010b0   0x00000040   Code   RO         2004    i.HAL_InitTick      stm32f4xx_hal.o
    0x080010f0   0x080010f0   0x00000030   Code   RO          529    i.HAL_MspInit       stm32f4xx_hal_msp.o
    0x08001120   0x08001120   0x0000008e   Code   RO         2284    i.HAL_MultiProcessor_Init  stm32f4xx_hal_uart.o
    0x080011ae   0x080011ae   0x0000001a   Code   RO         1853    i.HAL_NVIC_EnableIRQ  stm32f4xx_hal_cortex.o
    0x080011c8   0x080011c8   0x00000040   Code   RO         1859    i.HAL_NVIC_SetPriority  stm32f4xx_hal_cortex.o
    0x08001208   0x08001208   0x00000024   Code   RO         1860    i.HAL_NVIC_SetPriorityGrouping  stm32f4xx_hal_cortex.o
    0x0800122c   0x0800122c   0x00000134   Code   RO         1062    i.HAL_RCC_ClockConfig  stm32f4xx_hal_rcc.o
    0x08001360   0x08001360   0x00000020   Code   RO         1069    i.HAL_RCC_GetPCLK1Freq  stm32f4xx_hal_rcc.o
    0x08001380   0x08001380   0x00000020   Code   RO         1070    i.HAL_RCC_GetPCLK2Freq  stm32f4xx_hal_rcc.o
    0x080013a0   0x080013a0   0x00000064   Code   RO         1071    i.HAL_RCC_GetSysClockFreq  stm32f4xx_hal_rcc.o
    0x08001404   0x08001404   0x0000036c   Code   RO         1074    i.HAL_RCC_OscConfig  stm32f4xx_hal_rcc.o
    0x08001770   0x08001770   0x00000028   Code   RO         1864    i.HAL_SYSTICK_Config  stm32f4xx_hal_cortex.o
    0x08001798   0x08001798   0x00000002   Code   RO         2288    i.HAL_UARTEx_RxEventCallback  stm32f4xx_hal_uart.o
    0x0800179a   0x0800179a   0x00000002   Code   RO         2302    i.HAL_UART_ErrorCallback  stm32f4xx_hal_uart.o
    0x0800179c   0x0800179c   0x00000268   Code   RO         2305    i.HAL_UART_IRQHandler  stm32f4xx_hal_uart.o
    0x08001a04   0x08001a04   0x0000007c   Code   RO          382    i.HAL_UART_MspInit  usart.o
    0x08001a80   0x08001a80   0x00000002   Code   RO         2312    i.HAL_UART_RxCpltCallback  stm32f4xx_hal_uart.o
    0x08001a82   0x08001a82   0x00000002   PAD
    0x08001a84   0x08001a84   0x000000b2   Code   RO         2314    i.HAL_UART_Transmit  stm32f4xx_hal_uart.o
    0x08001b36   0x08001b36   0x00000002   Code   RO         2317    i.HAL_UART_TxCpltCallback  stm32f4xx_hal_uart.o
    0x08001b38   0x08001b38   0x00000002   Code   RO          425    i.HardFault_Handler  stm32f4xx_it.o
    0x08001b3a   0x08001b3a   0x00000002   PAD
    0x08001b3c   0x08001b3c   0x0000000c   Code   RO          426    i.I2C1_ER_IRQHandler  stm32f4xx_it.o
    0x08001b48   0x08001b48   0x0000000c   Code   RO          427    i.I2C1_EV_IRQHandler  stm32f4xx_it.o
    0x08001b54   0x08001b54   0x0000000c   Code   RO          428    i.I2C2_ER_IRQHandler  stm32f4xx_it.o
    0x08001b60   0x08001b60   0x0000000c   Code   RO          429    i.I2C2_EV_IRQHandler  stm32f4xx_it.o
    0x08001b6c   0x08001b6c   0x000000bc   Code   RO          648    i.I2C_DMAAbort      stm32f4xx_hal_i2c.o
    0x08001c28   0x08001c28   0x00000158   Code   RO          651    i.I2C_ITError       stm32f4xx_hal_i2c.o
    0x08001d80   0x08001d80   0x0000002e   Code   RO          652    i.I2C_IsAcknowledgeFailed  stm32f4xx_hal_i2c.o
    0x08001dae   0x08001dae   0x000000d2   Code   RO          653    i.I2C_MasterReceive_BTF  stm32f4xx_hal_i2c.o
    0x08001e80   0x08001e80   0x000000e8   Code   RO          654    i.I2C_MasterReceive_RXNE  stm32f4xx_hal_i2c.o
    0x08001f68   0x08001f68   0x00000082   Code   RO          657    i.I2C_MasterTransmit_BTF  stm32f4xx_hal_i2c.o
    0x08001fea   0x08001fea   0x00000002   PAD
    0x08001fec   0x08001fec   0x000000b6   Code   RO          658    i.I2C_MasterTransmit_TXE  stm32f4xx_hal_i2c.o
    0x080020a2   0x080020a2   0x00000002   PAD
    0x080020a4   0x080020a4   0x00000118   Code   RO          659    i.I2C_Master_ADDR   stm32f4xx_hal_i2c.o
    0x080021bc   0x080021bc   0x0000008c   Code   RO          660    i.I2C_Master_SB     stm32f4xx_hal_i2c.o
    0x08002248   0x08002248   0x000000a0   Code   RO          661    i.I2C_MemoryTransmit_TXE_BTF  stm32f4xx_hal_i2c.o
    0x080022e8   0x080022e8   0x000000fc   Code   RO          662    i.I2C_RequestMemoryRead  stm32f4xx_hal_i2c.o
    0x080023e4   0x080023e4   0x000000a8   Code   RO          663    i.I2C_RequestMemoryWrite  stm32f4xx_hal_i2c.o
    0x0800248c   0x0800248c   0x00000046   Code   RO          664    i.I2C_Slave_ADDR    stm32f4xx_hal_i2c.o
    0x080024d2   0x080024d2   0x00000002   PAD
    0x080024d4   0x080024d4   0x00000084   Code   RO          665    i.I2C_Slave_AF      stm32f4xx_hal_i2c.o
    0x08002558   0x08002558   0x0000015c   Code   RO          666    i.I2C_Slave_STOPF   stm32f4xx_hal_i2c.o
    0x080026b4   0x080026b4   0x0000004c   Code   RO          667    i.I2C_WaitOnBTFFlagUntilTimeout  stm32f4xx_hal_i2c.o
    0x08002700   0x08002700   0x00000068   Code   RO          668    i.I2C_WaitOnFlagUntilTimeout  stm32f4xx_hal_i2c.o
    0x08002768   0x08002768   0x00000096   Code   RO          669    i.I2C_WaitOnMasterAddressFlagUntilTimeout  stm32f4xx_hal_i2c.o
    0x080027fe   0x080027fe   0x00000066   Code   RO          670    i.I2C_WaitOnRXNEFlagUntilTimeout  stm32f4xx_hal_i2c.o
    0x08002864   0x08002864   0x0000004c   Code   RO          671    i.I2C_WaitOnTXEFlagUntilTimeout  stm32f4xx_hal_i2c.o
    0x080028b0   0x080028b0   0x000000dc   Code   RO          556    i.MPU6050_init      mpu6050.o
    0x0800298c   0x0800298c   0x0000003c   Code   RO          309    i.MX_GPIO_Init      gpio.o
    0x080029c8   0x080029c8   0x00000040   Code   RO          335    i.MX_I2C1_Init      i2c.o
    0x08002a08   0x08002a08   0x00000040   Code   RO          336    i.MX_I2C2_Init      i2c.o
    0x08002a48   0x08002a48   0x0000003c   Code   RO          383    i.MX_USART1_UART_Init  usart.o
    0x08002a84   0x08002a84   0x00000002   Code   RO          430    i.MemManage_Handler  stm32f4xx_it.o
    0x08002a86   0x08002a86   0x00000002   Code   RO          431    i.NMI_Handler       stm32f4xx_it.o
    0x08002a88   0x08002a88   0x00000094   Code   RO           13    i.OLED_Area_Refresh  oled_i2c.o
    0x08002b1c   0x08002b1c   0x00000044   Code   RO           14    i.OLED_BOOL_DrawBMP  oled_i2c.o
    0x08002b60   0x08002b60   0x00000148   Code   RO           16    i.OLED_BOOL_DrawColumn  oled_i2c.o
    0x08002ca8   0x08002ca8   0x00000024   Code   RO           19    i.OLED_DrawChar     oled_i2c.o
    0x08002ccc   0x08002ccc   0x00000040   Code   RO           22    i.OLED_Fill         oled_i2c.o
    0x08002d0c   0x08002d0c   0x00000130   Code   RO           23    i.OLED_Init         oled_i2c.o
    0x08002e3c   0x08002e3c   0x00000044   Code   RO           24    i.OLED_Refresh      oled_i2c.o
    0x08002e80   0x08002e80   0x00000006   Code   RO           25    i.OLED_SetPos       oled_i2c.o
    0x08002e86   0x08002e86   0x0000003c   Code   RO           26    i.OLED_SetVerticalPos  oled_i2c.o
    0x08002ec2   0x08002ec2   0x00000002   PAD
    0x08002ec4   0x08002ec4   0x00000024   Code   RO           27    i.OLED_Write_Byte   oled_i2c.o
    0x08002ee8   0x08002ee8   0x00000002   Code   RO          432    i.PendSV_Handler    stm32f4xx_it.o
    0x08002eea   0x08002eea   0x00000002   Code   RO          433    i.SVC_Handler       stm32f4xx_it.o
    0x08002eec   0x08002eec   0x00000004   Code   RO          434    i.SysTick_Handler   stm32f4xx_it.o
    0x08002ef0   0x08002ef0   0x00000094   Code   RO          242    i.SystemClock_Config  main.o
    0x08002f84   0x08002f84   0x00000010   Code   RO         2635    i.SystemInit        system_stm32f4xx.o
    0x08002f94   0x08002f94   0x00000010   Code   RO         2319    i.UART_DMAAbortOnError  stm32f4xx_hal_uart.o
    0x08002fa4   0x08002fa4   0x0000004e   Code   RO         2329    i.UART_EndRxTransfer  stm32f4xx_hal_uart.o
    0x08002ff2   0x08002ff2   0x000000c0   Code   RO         2331    i.UART_Receive_IT   stm32f4xx_hal_uart.o
    0x080030b2   0x080030b2   0x00000002   PAD
    0x080030b4   0x080030b4   0x0000010c   Code   RO         2332    i.UART_SetConfig    stm32f4xx_hal_uart.o
    0x080031c0   0x080031c0   0x00000078   Code   RO         2335    i.UART_WaitOnFlagUntilTimeout  stm32f4xx_hal_uart.o
    0x08003238   0x08003238   0x0000000c   Code   RO          435    i.USART1_IRQHandler  stm32f4xx_it.o
    0x08003244   0x08003244   0x00000002   Code   RO          436    i.UsageFault_Handler  stm32f4xx_it.o
    0x08003246   0x08003246   0x00000020   Code   RO         1866    i.__NVIC_SetPriority  stm32f4xx_hal_cortex.o
    0x08003266   0x08003266   0x00000036   Code   RO           28    i.getInt8Data       oled_i2c.o
    0x0800329c   0x0800329c   0x00000148   Code   RO          243    i.main              main.o
    0x080033e4   0x080033e4   0x0000000a   Code   RO         2819    x$fpl$fpinit        fz_wm.l(fpinit.o)
    0x080033ee   0x080033ee   0x00000228   Data   RO          226    .constdata          font_ascii.o
    0x08003616   0x08003616   0x00000010   Data   RO         2636    .constdata          system_stm32f4xx.o
    0x08003626   0x08003626   0x00000008   Data   RO         2637    .constdata          system_stm32f4xx.o
    0x0800362e   0x0800362e   0x00000002   PAD
    0x08003630   0x08003630   0x00000020   Data   RO         2877    Region$$Table       anon$$obj.o


    Execution Region RW_IRAM1 (Exec base: 0x20000000, Load base: 0x08003650, Size: 0x00000ca0, Max: 0x00018000, ABSOLUTE)

    Exec Addr    Load Addr    Size         Type   Attr      Idx    E Section Name        Object

    0x20000000   0x08003650   0x0000000c   Data   RW         2010    .data               stm32f4xx_hal.o
    0x2000000c   0x0800365c   0x00000004   Data   RW         2638    .data               system_stm32f4xx.o
    0x20000010        -       0x000004d4   Zero   RW           29    .bss                oled_i2c.o
    0x200004e4        -       0x000000a8   Zero   RW          337    .bss                i2c.o
    0x2000058c        -       0x00000044   Zero   RW          384    .bss                usart.o
    0x200005d0        -       0x0000006c   Zero   RW          557    .bss                mpu6050.o
    0x2000063c        -       0x00000060   Zero   RW         2749    .bss                c_w.l(libspace.o)
    0x2000069c   0x08003660   0x00000004   PAD
    0x200006a0        -       0x00000200   Zero   RW            2    HEAP                startup_stm32f401xe.o
    0x200008a0        -       0x00000400   Zero   RW            1    STACK               startup_stm32f401xe.o


==============================================================================

Image component sizes


      Code (inc. data)   RO Data    RW Data    ZI Data      Debug   Object Name

         0          0        552          0          0        484   font_ascii.o
        60          6          0          0          0        815   gpio.o
       388         44          0          0        168       2366   i2c.o
       480         32          0          0          0       2340   main.o
       220          4          0          0        108       1473   mpu6050.o
      1172         48          0          0       1236     400088   oled_i2c.o
        64         26        404          0       1536        832   startup_stm32f401xe.o
       180         28          0         12          0       9185   stm32f4xx_hal.o
       198         14          0          0          0      33895   stm32f4xx_hal_cortex.o
       188          0          0          0          0       2646   stm32f4xx_hal_dma.o
       480         34          0          0          0       1496   stm32f4xx_hal_gpio.o
      5356         90          0          0          0      32220   stm32f4xx_hal_i2c.o
        48          6          0          0          0        834   stm32f4xx_hal_msp.o
      1348         76          0          0          0       5180   stm32f4xx_hal_rcc.o
      1618         16          0          0          0      10466   stm32f4xx_hal_uart.o
        80         30          0          0          0       6382   stm32f4xx_it.o
        16          4         24          4          0       1099   system_stm32f4xx.o
       184         24          0          0         68       1682   usart.o

    ----------------------------------------------------------------------
     12098        482       1014         16       3116     513483   Object Totals
         0          0         32          0          0          0   (incl. Generated)
        18          0          2          0          0          0   (incl. Padding)

    ----------------------------------------------------------------------

      Code (inc. data)   RO Data    RW Data    ZI Data      Debug   Library Member Name

         8          0          0          0          0         68   __main.o
         0          0          0          0          0          0   __rtentry.o
        12          0          0          0          0          0   __rtentry2.o
         6          0          0          0          0          0   __rtentry4.o
        52          8          0          0          0          0   __scatter.o
        26          0          0          0          0          0   __scatter_copy.o
        28          0          0          0          0          0   __scatter_zi.o
        16          0          0          0          0         68   aeabi_memset.o
        18          0          0          0          0         80   exit.o
         6          0          0          0          0        152   heapauxi.o
         0          0          0          0          0          0   indicate_semi.o
         2          0          0          0          0          0   libinit.o
         6          0          0          0          0          0   libinit2.o
         2          0          0          0          0          0   libshutdown.o
         2          0          0          0          0          0   libshutdown2.o
         8          4          0          0         96         68   libspace.o
       238          0          0          0          0        100   lludivv7m.o
        68          0          0          0          0         68   rt_memclr.o
        78          0          0          0          0         80   rt_memclr_w.o
       100          0          0          0          0         80   rt_memcpy_w.o
         2          0          0          0          0          0   rtexit.o
        10          0          0          0          0          0   rtexit2.o
        12          4          0          0          0         68   sys_exit.o
        74          0          0          0          0         80   sys_stackheap_outer.o
         2          0          0          0          0         68   use_no_semi.o
        10          0          0          0          0        116   fpinit.o

    ----------------------------------------------------------------------
       792         16          0          0        100       1096   Library Totals
         6          0          0          0          4          0   (incl. Padding)

    ----------------------------------------------------------------------

      Code (inc. data)   RO Data    RW Data    ZI Data      Debug   Library Name

       776         16          0          0         96        980   c_w.l
        10          0          0          0          0        116   fz_wm.l

    ----------------------------------------------------------------------
       792         16          0          0        100       1096   Library Totals

    ----------------------------------------------------------------------

==============================================================================


      Code (inc. data)   RO Data    RW Data    ZI Data      Debug   

     12890        498       1014         16       3216     504663   Grand Totals
     12890        498       1014         16       3216     504663   ELF Image Totals
     12890        498       1014         16          0          0   ROM Totals

==============================================================================

    Total RO  Size (Code + RO Data)                13904 (  13.58kB)
    Total RW  Size (RW Data + ZI Data)              3232 (   3.16kB)
    Total ROM Size (Code + RO Data + RW Data)      13920 (  13.59kB)

==============================================================================

